Feb  2 12:21:22 cu-cs-vm anacron[891]: Job `cron.daily' terminated
Feb  2 12:21:22 cu-cs-vm anacron[891]: Normal exit (1 job run)
Feb  2 12:26:04 cu-cs-vm uptimed: moving up to position 4: 0 days, 00:10:17
Feb  2 12:29:40 cu-cs-vm dhclient[1047]: DHCPREQUEST of 192.168.233.130 on ens33 to 192.168.233.254 port 67 (xid=0x7555e414)
Feb  2 12:29:40 cu-cs-vm dhclient[1047]: DHCPACK of 192.168.233.130 from 192.168.233.254
Feb  2 12:29:40 cu-cs-vm NetworkManager[952]: <info>  [1580671780.8896]   address 192.168.233.130
Feb  2 12:29:40 cu-cs-vm NetworkManager[952]: <info>  [1580671780.8897]   plen 24 (255.255.255.0)
Feb  2 12:29:40 cu-cs-vm NetworkManager[952]: <info>  [1580671780.8897]   gateway 192.168.233.2
Feb  2 12:29:40 cu-cs-vm NetworkManager[952]: <info>  [1580671780.8897]   server identifier 192.168.233.254
Feb  2 12:29:40 cu-cs-vm NetworkManager[952]: <info>  [1580671780.8897]   lease time 1800
Feb  2 12:29:40 cu-cs-vm NetworkManager[952]: <info>  [1580671780.8898]   nameserver '192.168.233.2'
Feb  2 12:29:40 cu-cs-vm NetworkManager[952]: <info>  [1580671780.8898]   domain name 'localdomain'
Feb  2 12:29:40 cu-cs-vm NetworkManager[952]: <info>  [1580671780.8898]   wins '192.168.233.2'
Feb  2 12:29:40 cu-cs-vm NetworkManager[952]: <info>  [1580671780.8898] dhcp4 (ens33): state changed bound -> bound
Feb  2 12:29:40 cu-cs-vm dbus[922]: [system] Activating via systemd: service name='org.freedesktop.nm_dispatcher' unit='dbus-org.freedesktop.nm-dispatcher.service'
Feb  2 12:29:40 cu-cs-vm systemd[1]: Starting Network Manager Script Dispatcher Service...
Feb  2 12:29:40 cu-cs-vm dhclient[1047]: bound to 192.168.233.130 -- renewal in 830 seconds.
Feb  2 12:29:40 cu-cs-vm dbus[922]: [system] Successfully activated service 'org.freedesktop.nm_dispatcher'
Feb  2 12:29:40 cu-cs-vm systemd[1]: Started Network Manager Script Dispatcher Service.
Feb  2 12:29:40 cu-cs-vm nm-dispatcher: req:1 'dhcp4-change' [ens33]: new request (1 scripts)
Feb  2 12:29:40 cu-cs-vm nm-dispatcher: req:1 'dhcp4-change' [ens33]: start running ordered scripts...
Feb  2 12:30:48 cu-cs-vm systemd[1]: Starting Cleanup of Temporary Directories...
Feb  2 12:30:48 cu-cs-vm systemd-tmpfiles[3364]: [/usr/lib/tmpfiles.d/var.conf:14] Duplicate line for path "/var/log", ignoring.
Feb  2 12:30:48 cu-cs-vm systemd[1]: Started Cleanup of Temporary Directories.
Feb  2 12:32:52 cu-cs-vm systemd[1086]: Time has been changed
Feb  2 12:32:52 cu-cs-vm systemd[1]: Time has been changed
Feb  2 12:33:58 cu-cs-vm systemd[1086]: Time has been changed
Feb  2 12:33:58 cu-cs-vm systemd[1]: Time has been changed
Feb  2 12:43:30 cu-cs-vm dhclient[1047]: DHCPREQUEST of 192.168.233.130 on ens33 to 192.168.233.254 port 67 (xid=0x7555e414)
Feb  2 12:43:30 cu-cs-vm dhclient[1047]: DHCPACK of 192.168.233.130 from 192.168.233.254
Feb  2 12:43:30 cu-cs-vm NetworkManager[952]: <info>  [1580672610.3085]   address 192.168.233.130
Feb  2 12:43:30 cu-cs-vm NetworkManager[952]: <info>  [1580672610.3086]   plen 24 (255.255.255.0)
Feb  2 12:43:30 cu-cs-vm NetworkManager[952]: <info>  [1580672610.3087]   gateway 192.168.233.2
Feb  2 12:43:30 cu-cs-vm NetworkManager[952]: <info>  [1580672610.3087]   server identifier 192.168.233.254
Feb  2 12:43:30 cu-cs-vm NetworkManager[952]: <info>  [1580672610.3087]   lease time 1800
Feb  2 12:43:30 cu-cs-vm NetworkManager[952]: <info>  [1580672610.3088]   nameserver '192.168.233.2'
Feb  2 12:43:30 cu-cs-vm NetworkManager[952]: <info>  [1580672610.3088]   domain name 'localdomain'
Feb  2 12:43:30 cu-cs-vm NetworkManager[952]: <info>  [1580672610.3088]   wins '192.168.233.2'
Feb  2 12:43:30 cu-cs-vm NetworkManager[952]: <info>  [1580672610.3089] dhcp4 (ens33): state changed bound -> bound
Feb  2 12:43:30 cu-cs-vm dbus[922]: [system] Activating via systemd: service name='org.freedesktop.nm_dispatcher' unit='dbus-org.freedesktop.nm-dispatcher.service'
Feb  2 12:43:30 cu-cs-vm systemd[1]: Starting Network Manager Script Dispatcher Service...
Feb  2 12:43:30 cu-cs-vm dbus[922]: [system] Successfully activated service 'org.freedesktop.nm_dispatcher'
Feb  2 12:43:30 cu-cs-vm systemd[1]: Started Network Manager Script Dispatcher Service.
Feb  2 12:43:30 cu-cs-vm nm-dispatcher: req:1 'dhcp4-change' [ens33]: new request (1 scripts)
Feb  2 12:43:30 cu-cs-vm nm-dispatcher: req:1 'dhcp4-change' [ens33]: start running ordered scripts...
Feb  2 12:43:30 cu-cs-vm dhclient[1047]: bound to 192.168.233.130 -- renewal in 791 seconds.
Feb  2 12:56:41 cu-cs-vm dhclient[1047]: DHCPREQUEST of 192.168.233.130 on ens33 to 192.168.233.254 port 67 (xid=0x7555e414)
Feb  2 12:56:41 cu-cs-vm dhclient[1047]: DHCPACK of 192.168.233.130 from 192.168.233.254
Feb  2 12:56:41 cu-cs-vm NetworkManager[952]: <info>  [1580673401.9666]   address 192.168.233.130
Feb  2 12:56:41 cu-cs-vm NetworkManager[952]: <info>  [1580673401.9686]   plen 24 (255.255.255.0)
Feb  2 12:56:41 cu-cs-vm NetworkManager[952]: <info>  [1580673401.9687]   gateway 192.168.233.2
Feb  2 12:56:41 cu-cs-vm NetworkManager[952]: <info>  [1580673401.9687]   server identifier 192.168.233.254
Feb  2 12:56:41 cu-cs-vm NetworkManager[952]: <info>  [1580673401.9687]   lease time 1800
Feb  2 12:56:41 cu-cs-vm NetworkManager[952]: <info>  [1580673401.9688]   nameserver '192.168.233.2'
Feb  2 12:56:41 cu-cs-vm NetworkManager[952]: <info>  [1580673401.9688]   domain name 'localdomain'
Feb  2 12:56:41 cu-cs-vm NetworkManager[952]: <info>  [1580673401.9688]   wins '192.168.233.2'
Feb  2 12:56:41 cu-cs-vm NetworkManager[952]: <info>  [1580673401.9689] dhcp4 (ens33): state changed bound -> bound
Feb  2 12:56:41 cu-cs-vm dbus[922]: [system] Activating via systemd: service name='org.freedesktop.nm_dispatcher' unit='dbus-org.freedesktop.nm-dispatcher.service'
Feb  2 12:56:41 cu-cs-vm systemd[1]: Starting Network Manager Script Dispatcher Service...
Feb  2 12:56:41 cu-cs-vm dhclient[1047]: bound to 192.168.233.130 -- renewal in 792 seconds.
Feb  2 12:56:42 cu-cs-vm dbus[922]: [system] Successfully activated service 'org.freedesktop.nm_dispatcher'
Feb  2 12:56:42 cu-cs-vm systemd[1]: Started Network Manager Script Dispatcher Service.
Feb  2 12:56:42 cu-cs-vm nm-dispatcher: req:1 'dhcp4-change' [ens33]: new request (1 scripts)
Feb  2 12:56:42 cu-cs-vm nm-dispatcher: req:1 'dhcp4-change' [ens33]: start running ordered scripts...
Feb  2 12:57:45 cu-cs-vm systemd[1]: Started Daily apt download activities.
Feb  2 12:57:45 cu-cs-vm systemd[1]: Starting Daily apt upgrade and clean activities...
Feb  2 13:08:50 cu-cs-vm kernel: [ 3183.027741] hrtimer: interrupt took 21328958 ns
Feb  2 13:09:53 cu-cs-vm dhclient[1047]: DHCPREQUEST of 192.168.233.130 on ens33 to 192.168.233.254 port 67 (xid=0x7555e414)
Feb  2 13:09:53 cu-cs-vm dhclient[1047]: DHCPACK of 192.168.233.130 from 192.168.233.254
Feb  2 13:09:53 cu-cs-vm NetworkManager[952]: <info>  [1580674193.5547]   address 192.168.233.130
Feb  2 13:09:53 cu-cs-vm NetworkManager[952]: <info>  [1580674193.5548]   plen 24 (255.255.255.0)
Feb  2 13:09:53 cu-cs-vm NetworkManager[952]: <info>  [1580674193.5548]   gateway 192.168.233.2
Feb  2 13:09:53 cu-cs-vm NetworkManager[952]: <info>  [1580674193.5548]   server identifier 192.168.233.254
Feb  2 13:09:53 cu-cs-vm NetworkManager[952]: <info>  [1580674193.5548]   lease time 1800
Feb  2 13:09:53 cu-cs-vm NetworkManager[952]: <info>  [1580674193.5548]   nameserver '192.168.233.2'
Feb  2 13:09:53 cu-cs-vm NetworkManager[952]: <info>  [1580674193.5548]   domain name 'localdomain'
Feb  2 13:09:53 cu-cs-vm NetworkManager[952]: <info>  [1580674193.5549]   wins '192.168.233.2'
Feb  2 13:09:53 cu-cs-vm NetworkManager[952]: <info>  [1580674193.5549] dhcp4 (ens33): state changed bound -> bound
Feb  2 13:09:53 cu-cs-vm dbus[922]: [system] Activating via systemd: service name='org.freedesktop.nm_dispatcher' unit='dbus-org.freedesktop.nm-dispatcher.service'
Feb  2 13:09:53 cu-cs-vm systemd[1]: Starting Network Manager Script Dispatcher Service...
Feb  2 13:09:53 cu-cs-vm dhclient[1047]: bound to 192.168.233.130 -- renewal in 823 seconds.
Feb  2 13:09:53 cu-cs-vm dbus[922]: [system] Successfully activated service 'org.freedesktop.nm_dispatcher'
Feb  2 13:09:53 cu-cs-vm systemd[1]: Started Network Manager Script Dispatcher Service.
Feb  2 13:09:53 cu-cs-vm nm-dispatcher: req:1 'dhcp4-change' [ens33]: new request (1 scripts)
Feb  2 13:09:53 cu-cs-vm nm-dispatcher: req:1 'dhcp4-change' [ens33]: start running ordered scripts...
Feb  2 13:17:01 cu-cs-vm CRON[58283]: (root) CMD (   cd / && run-parts --report /etc/cron.hourly)
Feb  2 13:17:59 cu-cs-vm systemd[1]: Stopped Daily apt upgrade and clean activities.
Feb  2 13:17:59 cu-cs-vm systemd[1]: Stopped Daily apt download activities.
Feb  2 13:17:59 cu-cs-vm systemd[1]: Reloading.
Feb  2 13:17:59 cu-cs-vm systemd[1]: Started ACPI event daemon.
Feb  2 13:17:59 cu-cs-vm systemd[1]: Started CUPS Scheduler.
Feb  2 13:18:01 cu-cs-vm systemd[1]: Reloading.
Feb  2 13:18:01 cu-cs-vm systemd[1]: Started ACPI event daemon.
Feb  2 13:18:01 cu-cs-vm systemd[1]: Started CUPS Scheduler.
Feb  2 13:18:01 cu-cs-vm systemd[1]: Started Daily apt upgrade and clean activities.
Feb  2 13:18:01 cu-cs-vm systemd[1]: Started Daily apt download activities.
Feb  2 13:18:03 cu-cs-vm systemd[1]: Reloading.
Feb  2 13:18:03 cu-cs-vm systemd[1]: Started ACPI event daemon.
Feb  2 13:18:03 cu-cs-vm systemd[1]: Started CUPS Scheduler.
Feb  2 13:18:07 cu-cs-vm systemd[1]: Reloading.
Feb  2 13:18:07 cu-cs-vm systemd[1]: Started ACPI event daemon.
Feb  2 13:18:07 cu-cs-vm systemd[1]: Started CUPS Scheduler.
Feb  2 13:18:10 cu-cs-vm dbus[922]: [system] Reloaded configuration
Feb  2 13:18:12 cu-cs-vm dbus[922]: message repeated 12 times: [ [system] Reloaded configuration]
Feb  2 13:18:12 cu-cs-vm systemd[1]: Reloading.
Feb  2 13:18:13 cu-cs-vm systemd[1]: Started ACPI event daemon.
Feb  2 13:18:13 cu-cs-vm systemd[1]: Started CUPS Scheduler.
Feb  2 13:18:13 cu-cs-vm systemd[1]: Reloading.
Feb  2 13:18:13 cu-cs-vm systemd[1]: Started ACPI event daemon.
Feb  2 13:18:13 cu-cs-vm systemd[1]: Started CUPS Scheduler.
Feb  2 13:18:13 cu-cs-vm systemd[1]: Reloading.
Feb  2 13:18:13 cu-cs-vm systemd[1]: Started ACPI event daemon.
Feb  2 13:18:13 cu-cs-vm systemd[1]: Started CUPS Scheduler.
Feb  2 13:18:13 cu-cs-vm systemd[1]: Reexecuting.
Feb  2 13:18:13 cu-cs-vm kernel: [ 3745.803354] systemd: 26 output lines suppressed due to ratelimiting
Feb  2 13:18:13 cu-cs-vm systemd[1]: systemd 229 running in system mode. (+PAM +AUDIT +SELINUX +IMA +APPARMOR +SMACK +SYSVINIT +UTMP +LIBCRYPTSETUP +GCRYPT +GNUTLS +ACL +XZ -LZ4 +SECCOMP +BLKID +ELFUTILS +KMOD -IDN)
Feb  2 13:18:13 cu-cs-vm systemd[1]: Detected virtualization vmware.
Feb  2 13:18:13 cu-cs-vm systemd[1]: Detected architecture x86-64.
Feb  2 13:18:13 cu-cs-vm systemd[1]: Started CUPS Scheduler.
Feb  2 13:18:13 cu-cs-vm systemd[1]: Started ACPI event daemon.
Feb  2 13:18:13 cu-cs-vm systemd[1]: Stopping Network Time Synchronization...
Feb  2 13:18:13 cu-cs-vm systemd[1]: Stopped Network Time Synchronization.
Feb  2 13:18:13 cu-cs-vm systemd[1]: Starting Network Time Synchronization...
Feb  2 13:18:13 cu-cs-vm systemd[1]: Started Network Time Synchronization.
Feb  2 13:18:13 cu-cs-vm systemd[1]: Started Trigger resolvconf update for networkd DNS.
Feb  2 13:18:14 cu-cs-vm systemd-timesyncd[73247]: Synchronized to time server 91.189.94.4:123 (ntp.ubuntu.com).
Feb  2 13:18:14 cu-cs-vm systemd[1]: Reloading.
Feb  2 13:18:15 cu-cs-vm systemd[1]: Started CUPS Scheduler.
Feb  2 13:18:15 cu-cs-vm systemd[1]: Started ACPI event daemon.
Feb  2 13:18:18 cu-cs-vm systemd[1]: Reloading.
Feb  2 13:18:18 cu-cs-vm systemd[1]: Started CUPS Scheduler.
Feb  2 13:18:18 cu-cs-vm systemd[1]: Started ACPI event daemon.
Feb  2 13:18:40 cu-cs-vm systemd[1]: Reloading.
Feb  2 13:18:40 cu-cs-vm systemd[1]: Started CUPS Scheduler.
Feb  2 13:18:40 cu-cs-vm systemd[1]: Started ACPI event daemon.
Feb  2 13:18:41 cu-cs-vm systemd[1]: Stopping Make remote CUPS printers available locally...
Feb  2 13:18:41 cu-cs-vm systemd[1]: Stopped Make remote CUPS printers available locally.
Feb  2 13:18:41 cu-cs-vm systemd[1]: Reloading.
Feb  2 13:18:41 cu-cs-vm systemd[1]: Started CUPS Scheduler.
Feb  2 13:18:41 cu-cs-vm systemd[1]: Started ACPI event daemon.
Feb  2 13:18:42 cu-cs-vm systemd[1]: Stopped CUPS Scheduler.
Feb  2 13:18:42 cu-cs-vm systemd[1]: Reloading.
Feb  2 13:18:42 cu-cs-vm systemd[1]: Started ACPI event daemon.
Feb  2 13:18:42 cu-cs-vm systemd[1]: Stopping CUPS Scheduler...
Feb  2 13:18:42 cu-cs-vm systemd[1]: Stopped CUPS Scheduler.
Feb  2 13:18:42 cu-cs-vm systemd[1]: Reloading.
Feb  2 13:18:42 cu-cs-vm systemd[1]: Started ACPI event daemon.
Feb  2 13:18:42 cu-cs-vm systemd[1]: Reloading.
Feb  2 13:18:42 cu-cs-vm systemd[1]: Started ACPI event daemon.
Feb  2 13:18:46 cu-cs-vm systemd[1]: Reloading.
Feb  2 13:18:46 cu-cs-vm systemd[1]: Started ACPI event daemon.
Feb  2 13:19:05 cu-cs-vm systemd[1]: Reloading.
Feb  2 13:19:05 cu-cs-vm systemd[1]: Started ACPI event daemon.
Feb  2 13:19:06 cu-cs-vm systemd[1]: Reloading.
Feb  2 13:19:06 cu-cs-vm systemd[1]: Started ACPI event daemon.
Feb  2 13:19:07 cu-cs-vm systemd[1]: Stopped Auto import assertions from block devices.
Feb  2 13:19:07 cu-cs-vm systemd[1]: Stopped Automatically repair incorrect owner/permissions on core devices.
Feb  2 13:19:07 cu-cs-vm systemd[1]: Stopped Wait until snapd is fully seeded.
Feb  2 13:19:07 cu-cs-vm systemd[1]: Stopping Snappy daemon...
Feb  2 13:19:07 cu-cs-vm systemd[1]: Stopped Automatically fetch and run repair assertions.
Feb  2 13:19:07 cu-cs-vm systemd[1]: Stopped Timer to automatically fetch and run repair assertions.
Feb  2 13:19:07 cu-cs-vm snapd[953]: 2020/02/02 13:19:07.056324 main.go:81: Exiting on terminated signal.
Feb  2 13:19:07 cu-cs-vm systemd[1]: Stopped Ubuntu core (all-snaps) system shutdown helper setup service.
Feb  2 13:19:07 cu-cs-vm systemd[1]: Stopped Snappy daemon.
Feb  2 13:19:07 cu-cs-vm systemd[1]: Closed Socket activation for snappy daemon.
Feb  2 13:19:09 cu-cs-vm systemd[1]: Reloading.
Feb  2 13:19:09 cu-cs-vm systemd[1]: Started ACPI event daemon.
Feb  2 13:19:09 cu-cs-vm systemd[1]: Reloading.
Feb  2 13:19:10 cu-cs-vm systemd[1]: Started ACPI event daemon.
Feb  2 13:19:10 cu-cs-vm systemd[1]: Stopping crash report submission daemon...
Feb  2 13:19:10 cu-cs-vm systemd[1]: Stopped crash report submission daemon.
Feb  2 13:19:10 cu-cs-vm systemd[1]: Reloading.
Feb  2 13:19:10 cu-cs-vm systemd[1]: Started ACPI event daemon.
Feb  2 13:19:15 cu-cs-vm systemd[1]: Reloading.
Feb  2 13:19:15 cu-cs-vm systemd[1]: Started ACPI event daemon.
Feb  2 13:19:23 cu-cs-vm systemd[1]: Closed Unix socket for apport crash forwarding.
Feb  2 13:19:23 cu-cs-vm systemd[1]: Reloading.
Feb  2 13:19:24 cu-cs-vm systemd[1]: Started ACPI event daemon.
Feb  2 13:19:24 cu-cs-vm systemd[1]: Stopping LSB: automatic crash report generation...
Feb  2 13:19:24 cu-cs-vm apport[95340]:  * Stopping automatic crash report generation: apport
Feb  2 13:19:24 cu-cs-vm apport[95340]:    ...done.
Feb  2 13:19:24 cu-cs-vm systemd[1]: Stopped LSB: automatic crash report generation.
Feb  2 13:19:24 cu-cs-vm systemd[1]: Reloading.
Feb  2 13:19:24 cu-cs-vm systemd[1]: Started ACPI event daemon.
Feb  2 13:19:24 cu-cs-vm systemd[1]: Reloading.
Feb  2 13:19:24 cu-cs-vm systemd[1]: Started ACPI event daemon.
Feb  2 13:19:25 cu-cs-vm avahi-daemon[888]: Files changed, reloading.
Feb  2 13:19:25 cu-cs-vm avahi-daemon[888]: No service file found in /etc/avahi/services.
Feb  2 13:19:25 cu-cs-vm avahi-daemon[888]: Files changed, reloading.
Feb  2 13:19:25 cu-cs-vm avahi-daemon[888]: No service file found in /etc/avahi/services.
Feb  2 13:19:25 cu-cs-vm dbus[922]: [system] Reloaded configuration
Feb  2 13:19:25 cu-cs-vm avahi-daemon[888]: Files changed, reloading.
Feb  2 13:19:25 cu-cs-vm avahi-daemon[888]: No service file found in /etc/avahi/services.
Feb  2 13:19:25 cu-cs-vm avahi-daemon[888]: Files changed, reloading.
Feb  2 13:19:25 cu-cs-vm avahi-daemon[888]: No service file found in /etc/avahi/services.
Feb  2 13:19:25 cu-cs-vm avahi-daemon[888]: Files changed, reloading.
Feb  2 13:19:25 cu-cs-vm avahi-daemon[888]: No service file found in /etc/avahi/services.
Feb  2 13:19:25 cu-cs-vm dbus[922]: [system] Reloaded configuration
Feb  2 13:19:25 cu-cs-vm dbus[922]: [system] Reloaded configuration
Feb  2 13:19:25 cu-cs-vm systemd[1]: Reloading.
Feb  2 13:19:25 cu-cs-vm systemd[1]: Started ACPI event daemon.
Feb  2 13:19:25 cu-cs-vm systemd[1]: Reloading.
Feb  2 13:19:25 cu-cs-vm systemd[1]: Started ACPI event daemon.
Feb  2 13:19:25 cu-cs-vm dbus[922]: [system] Reloaded configuration
Feb  2 13:19:39 cu-cs-vm dbus[922]: message repeated 2 times: [ [system] Reloaded configuration]
Feb  2 13:19:58 cu-cs-vm NetworkManager[952]: <info>  [1580674798.5039] manager: kernel firmware directory '/lib/firmware' changed
Feb  2 13:20:02 cu-cs-vm NetworkManager[952]: <info>  [1580674802.8603] manager: kernel firmware directory '/lib/firmware' changed
Feb  2 13:20:31 cu-cs-vm dbus[922]: [system] Reloaded configuration
Feb  2 13:20:31 cu-cs-vm dbus[922]: message repeated 6 times: [ [system] Reloaded configuration]
Feb  2 13:20:31 cu-cs-vm systemd[1]: Reloading.
Feb  2 13:20:31 cu-cs-vm systemd[1]: Started ACPI event daemon.
Feb  2 13:20:31 cu-cs-vm systemd[1]: Reloading.
Feb  2 13:20:31 cu-cs-vm systemd[1]: Started ACPI event daemon.
Feb  2 13:20:31 cu-cs-vm systemd[1]: Reloading.
Feb  2 13:20:31 cu-cs-vm systemd[1]: Started ACPI event daemon.
Feb  2 13:20:31 cu-cs-vm dbus[922]: [system] Reloaded configuration
Feb  2 13:20:32 cu-cs-vm systemd[1]: Reloading.
Feb  2 13:20:32 cu-cs-vm systemd[1]: Started ACPI event daemon.
Feb  2 13:20:32 cu-cs-vm dbus[922]: [system] Reloaded configuration
Feb  2 13:20:32 cu-cs-vm dbus[922]: message repeated 6 times: [ [system] Reloaded configuration]
Feb  2 13:20:32 cu-cs-vm systemd[1]: Reloading.
Feb  2 13:20:32 cu-cs-vm systemd[1]: Started ACPI event daemon.
Feb  2 13:20:32 cu-cs-vm dbus[922]: [system] Reloaded configuration
Feb  2 13:20:39 cu-cs-vm dbus[922]: message repeated 11 times: [ [system] Reloaded configuration]
Feb  2 13:20:47 cu-cs-vm systemd[1]: Reloading.
Feb  2 13:20:48 cu-cs-vm systemd[1]: Started ACPI event daemon.
Feb  2 13:20:48 cu-cs-vm systemd[1]: Stopping Unattended Upgrades Shutdown...
Feb  2 13:23:36 cu-cs-vm dhclient[1047]: DHCPREQUEST of 192.168.233.130 on ens33 to 192.168.233.254 port 67 (xid=0x7555e414)
Feb  2 13:23:36 cu-cs-vm dhclient[1047]: DHCPACK of 192.168.233.130 from 192.168.233.254
Feb  2 13:23:36 cu-cs-vm NetworkManager[952]: <info>  [1580675016.1679]   address 192.168.233.130
Feb  2 13:23:36 cu-cs-vm NetworkManager[952]: <info>  [1580675016.1679]   plen 24 (255.255.255.0)
Feb  2 13:23:36 cu-cs-vm NetworkManager[952]: <info>  [1580675016.1680]   gateway 192.168.233.2
Feb  2 13:23:36 cu-cs-vm NetworkManager[952]: <info>  [1580675016.1680]   server identifier 192.168.233.254
Feb  2 13:23:36 cu-cs-vm NetworkManager[952]: <info>  [1580675016.1680]   lease time 1800
Feb  2 13:23:36 cu-cs-vm NetworkManager[952]: <info>  [1580675016.1680]   nameserver '192.168.233.2'
Feb  2 13:23:36 cu-cs-vm NetworkManager[952]: <info>  [1580675016.1680]   domain name 'localdomain'
Feb  2 13:23:36 cu-cs-vm NetworkManager[952]: <info>  [1580675016.1680]   wins '192.168.233.2'
Feb  2 13:23:36 cu-cs-vm NetworkManager[952]: <info>  [1580675016.1680] dhcp4 (ens33): state changed bound -> bound
Feb  2 13:23:36 cu-cs-vm dbus[922]: [system] Activating via systemd: service name='org.freedesktop.nm_dispatcher' unit='dbus-org.freedesktop.nm-dispatcher.service'
Feb  2 13:23:36 cu-cs-vm systemd[1]: Starting Network Manager Script Dispatcher Service...
Feb  2 13:23:36 cu-cs-vm dbus[922]: [system] Successfully activated service 'org.freedesktop.nm_dispatcher'
Feb  2 13:23:36 cu-cs-vm systemd[1]: Started Network Manager Script Dispatcher Service.
Feb  2 13:23:36 cu-cs-vm nm-dispatcher: req:1 'dhcp4-change' [ens33]: new request (1 scripts)
Feb  2 13:23:36 cu-cs-vm nm-dispatcher: req:1 'dhcp4-change' [ens33]: start running ordered scripts...
Feb  2 13:23:36 cu-cs-vm dhclient[1047]: bound to 192.168.233.130 -- renewal in 733 seconds.
Feb  2 13:30:52 cu-cs-vm systemd[1]: unattended-upgrades.service: Control process exited, code=exited status=1
Feb  2 13:30:52 cu-cs-vm systemd[1]: Stopped Unattended Upgrades Shutdown.
Feb  2 13:30:52 cu-cs-vm systemd[1]: unattended-upgrades.service: Unit entered failed state.
Feb  2 13:30:52 cu-cs-vm systemd[1]: unattended-upgrades.service: Failed with result 'exit-code'.
Feb  2 13:30:52 cu-cs-vm systemd[1]: Reloading.
Feb  2 13:30:53 cu-cs-vm systemd[1]: Started ACPI event daemon.
Feb  2 13:31:02 cu-cs-vm systemd[1]: Reloading.
Feb  2 13:31:02 cu-cs-vm systemd[1]: Started ACPI event daemon.
Feb  2 13:31:03 cu-cs-vm systemd[1]: Reloading.
Feb  2 13:31:03 cu-cs-vm systemd[1]: Started ACPI event daemon.
Feb  2 13:31:03 cu-cs-vm dbus[922]: [system] Reloaded configuration
Feb  2 13:31:03 cu-cs-vm systemd[1]: Stopped target Sockets.
Feb  2 13:31:03 cu-cs-vm systemd[1]: Stopping Sockets.
Feb  2 13:31:03 cu-cs-vm systemd[1]: Starting Socket activation for snappy daemon.
Feb  2 13:31:03 cu-cs-vm systemd[1]: Listening on Socket activation for snappy daemon.
Feb  2 13:31:03 cu-cs-vm systemd[1]: Reached target Sockets.
Feb  2 13:31:03 cu-cs-vm systemd[1]: Reloading.
Feb  2 13:31:04 cu-cs-vm systemd[1]: Started ACPI event daemon.
Feb  2 13:31:04 cu-cs-vm systemd[1]: Reloading.
Feb  2 13:31:04 cu-cs-vm systemd[1]: Started ACPI event daemon.
Feb  2 13:31:04 cu-cs-vm systemd[1]: Stopping udev Kernel Device Manager...
Feb  2 13:31:04 cu-cs-vm systemd[1]: Stopped udev Kernel Device Manager.
Feb  2 13:31:04 cu-cs-vm systemd[1]: Starting udev Kernel Device Manager...
Feb  2 13:31:04 cu-cs-vm systemd[1]: Started udev Kernel Device Manager.
Feb  2 13:31:04 cu-cs-vm systemd[1]: Reloading.
Feb  2 13:31:04 cu-cs-vm systemd[1]: Started ACPI event daemon.
Feb  2 13:31:07 cu-cs-vm kernel: [ 4519.732754] kauditd_printk_skb: 10 callbacks suppressed
Feb  2 13:31:07 cu-cs-vm kernel: [ 4519.732755] audit: type=1400 audit(1580675467.551:22): apparmor="STATUS" operation="profile_replace" info="same as current profile, skipping" profile="unconfined" name="/usr/sbin/cups-browsed" pid=107032 comm="apparmor_parser"
Feb  2 13:31:07 cu-cs-vm systemd[1]: Reloading.
Feb  2 13:31:07 cu-cs-vm systemd[1]: Started ACPI event daemon.
Feb  2 13:31:07 cu-cs-vm systemd[1]: Reloading.
Feb  2 13:31:07 cu-cs-vm systemd[1]: Started ACPI event daemon.
Feb  2 13:31:07 cu-cs-vm systemd[1]: Started CUPS Scheduler.
Feb  2 13:31:07 cu-cs-vm systemd[1]: Started Make remote CUPS printers available locally.
Feb  2 13:31:08 cu-cs-vm kernel: [ 4520.581736] audit: type=1400 audit(1580675468.403:23): apparmor="STATUS" operation="profile_replace" profile="unconfined" name="/usr/lib/cups/backend/cups-pdf" pid=107117 comm="apparmor_parser"
Feb  2 13:31:08 cu-cs-vm kernel: [ 4520.582282] audit: type=1400 audit(1580675468.403:24): apparmor="STATUS" operation="profile_replace" profile="unconfined" name="/usr/sbin/cupsd" pid=107117 comm="apparmor_parser"
Feb  2 13:31:08 cu-cs-vm kernel: [ 4520.601269] audit: type=1400 audit(1580675468.423:25): apparmor="STATUS" operation="profile_replace" profile="unconfined" name="/usr/sbin/cupsd//third_party" pid=107117 comm="apparmor_parser"
Feb  2 13:31:08 cu-cs-vm systemd[1]: Reloading.
Feb  2 13:31:09 cu-cs-vm systemd[1]: Started ACPI event daemon.
Feb  2 13:31:09 cu-cs-vm systemd[1]: Reloading.
Feb  2 13:31:09 cu-cs-vm systemd[1]: Started ACPI event daemon.
Feb  2 13:31:09 cu-cs-vm systemd[1]: Started CUPS Scheduler.
Feb  2 13:31:09 cu-cs-vm systemd[1]: Reloading.
Feb  2 13:31:09 cu-cs-vm systemd[1]: Started ACPI event daemon.
Feb  2 13:31:09 cu-cs-vm systemd[1]: Started CUPS Scheduler.
Feb  2 13:31:09 cu-cs-vm systemd[1]: Started CUPS Scheduler.
Feb  2 13:31:09 cu-cs-vm systemd[1]: Reloading.
Feb  2 13:31:09 cu-cs-vm systemd[1]: Started CUPS Scheduler.
Feb  2 13:31:09 cu-cs-vm systemd[1]: Started ACPI event daemon.
Feb  2 13:31:09 cu-cs-vm systemd[1]: Stopping Make remote CUPS printers available locally...
Feb  2 13:31:09 cu-cs-vm systemd[1]: Stopped Make remote CUPS printers available locally.
Feb  2 13:31:09 cu-cs-vm systemd[1]: Stopping CUPS Scheduler...
Feb  2 13:31:09 cu-cs-vm systemd[1]: Stopped CUPS Scheduler.
Feb  2 13:31:09 cu-cs-vm systemd[1]: Stopped CUPS Scheduler.
Feb  2 13:31:09 cu-cs-vm systemd[1]: Stopping CUPS Scheduler.
Feb  2 13:31:09 cu-cs-vm systemd[1]: Started CUPS Scheduler.
Feb  2 13:31:09 cu-cs-vm systemd[1]: Started CUPS Scheduler.
Feb  2 13:31:09 cu-cs-vm systemd[1]: Started Make remote CUPS printers available locally.
Feb  2 13:31:13 cu-cs-vm systemd[1]: Reloading.
Feb  2 13:31:13 cu-cs-vm systemd[1]: Started CUPS Scheduler.
Feb  2 13:31:13 cu-cs-vm systemd[1]: Started ACPI event daemon.
Feb  2 13:31:13 cu-cs-vm systemd[1]: Reloading.
Feb  2 13:31:13 cu-cs-vm systemd[1]: Started CUPS Scheduler.
Feb  2 13:31:13 cu-cs-vm systemd[1]: Started ACPI event daemon.
Feb  2 13:31:13 cu-cs-vm systemd[1]: Stopping OpenBSD Secure Shell server...
Feb  2 13:31:13 cu-cs-vm systemd[1]: Stopped OpenBSD Secure Shell server.
Feb  2 13:31:13 cu-cs-vm systemd[1]: Starting OpenBSD Secure Shell server...
Feb  2 13:31:13 cu-cs-vm systemd[1]: Started OpenBSD Secure Shell server.
Feb  2 13:31:13 cu-cs-vm systemd[1]: Reloading.
Feb  2 13:31:13 cu-cs-vm systemd[1]: Started CUPS Scheduler.
Feb  2 13:31:13 cu-cs-vm systemd[1]: Started ACPI event daemon.
Feb  2 13:31:14 cu-cs-vm kernel: [ 4526.236123] audit: type=1400 audit(1580675474.054:26): apparmor="STATUS" operation="profile_replace" info="same as current profile, skipping" profile="unconfined" name="/usr/sbin/ippusbxd" pid=107773 comm="apparmor_parser"
Feb  2 13:31:14 cu-cs-vm kernel: [ 4526.303746] audit: type=1400 audit(1580675474.122:27): apparmor="STATUS" operation="profile_replace" info="same as current profile, skipping" profile="unconfined" name="/usr/sbin/cups-browsed" pid=107771 comm="apparmor_parser"
Feb  2 13:31:14 cu-cs-vm kernel: [ 4526.324734] audit: type=1400 audit(1580675474.142:28): apparmor="STATUS" operation="profile_replace" info="same as current profile, skipping" profile="unconfined" name="/usr/sbin/tcpdump" pid=107777 comm="apparmor_parser"
Feb  2 13:31:14 cu-cs-vm kernel: [ 4526.394809] audit: type=1400 audit(1580675474.214:29): apparmor="STATUS" operation="profile_replace" profile="unconfined" name="/sbin/dhclient" pid=107763 comm="apparmor_parser"
Feb  2 13:31:14 cu-cs-vm kernel: [ 4526.395137] audit: type=1400 audit(1580675474.214:30): apparmor="STATUS" operation="profile_replace" profile="unconfined" name="/usr/lib/NetworkManager/nm-dhcp-client.action" pid=107763 comm="apparmor_parser"
Feb  2 13:31:14 cu-cs-vm kernel: [ 4526.395430] audit: type=1400 audit(1580675474.214:31): apparmor="STATUS" operation="profile_replace" profile="unconfined" name="/usr/lib/NetworkManager/nm-dhcp-helper" pid=107763 comm="apparmor_parser"
Feb  2 13:31:14 cu-cs-vm kernel: [ 4526.395743] audit: type=1400 audit(1580675474.214:32): apparmor="STATUS" operation="profile_replace" profile="unconfined" name="/usr/lib/connman/scripts/dhclient-script" pid=107763 comm="apparmor_parser"
Feb  2 13:31:14 cu-cs-vm kernel: [ 4526.425143] audit: type=1400 audit(1580675474.242:33): apparmor="STATUS" operation="profile_replace" profile="unconfined" name="/usr/lib/snapd/snap-confine" pid=107769 comm="apparmor_parser"
Feb  2 13:31:14 cu-cs-vm kernel: [ 4526.448781] audit: type=1400 audit(1580675474.270:34): apparmor="STATUS" operation="profile_replace" info="same as current profile, skipping" profile="unconfined" name="/usr/lib/cups/backend/cups-pdf" pid=107772 comm="apparmor_parser"
Feb  2 13:31:14 cu-cs-vm kernel: [ 4526.449175] audit: type=1400 audit(1580675474.270:35): apparmor="STATUS" operation="profile_replace" profile="unconfined" name="/usr/lib/snapd/snap-confine//mount-namespace-capture-helper" pid=107769 comm="apparmor_parser"
Feb  2 13:31:17 cu-cs-vm systemd[1]: Reloading.
Feb  2 13:31:17 cu-cs-vm systemd[1]: Started CUPS Scheduler.
Feb  2 13:31:17 cu-cs-vm systemd[1]: Started ACPI event daemon.
Feb  2 13:31:17 cu-cs-vm systemd[1]: Starting Wait until snapd is fully seeded...
Feb  2 13:31:17 cu-cs-vm systemd[1]: Starting Snappy daemon...
Feb  2 13:31:17 cu-cs-vm snapd[107848]: AppArmor status: apparmor is enabled and all features are available
Feb  2 13:31:17 cu-cs-vm snapd[107848]: patch.go:68: Patching system state level 6 to sublevel 1...
Feb  2 13:31:17 cu-cs-vm snapd[107848]: daemon.go:379: started snapd/2.37.4ubuntu0.1 (series 16; classic) ubuntu/16.04 (amd64) linux/4.15.18riakernel.
Feb  2 13:31:17 cu-cs-vm systemd[1]: Started Snappy daemon.
Feb  2 13:31:17 cu-cs-vm systemd[1]: Started Wait until snapd is fully seeded.
Feb  2 13:31:17 cu-cs-vm systemd[1]: Started Snappy daemon.
Feb  2 13:31:17 cu-cs-vm systemd[1]: Listening on Socket activation for snappy daemon.
Feb  2 13:31:18 cu-cs-vm systemd[1]: Reloading.
Feb  2 13:31:18 cu-cs-vm systemd[1]: Started CUPS Scheduler.
Feb  2 13:31:18 cu-cs-vm systemd[1]: Started ACPI event daemon.
Feb  2 13:31:18 cu-cs-vm systemd[1]: Reloading.
Feb  2 13:31:18 cu-cs-vm systemd[1]: Started CUPS Scheduler.
Feb  2 13:31:18 cu-cs-vm systemd[1]: Started ACPI event daemon.
Feb  2 13:31:18 cu-cs-vm systemd[1]: Started crash report submission daemon.
Feb  2 13:31:18 cu-cs-vm whoopsie[107960]: [13:31:18] Using lock path: /var/lock/whoopsie/lock
Feb  2 13:31:18 cu-cs-vm whoopsie[107960]: [13:31:18] The default IPv4 route is: /org/freedesktop/NetworkManager/ActiveConnection/0
Feb  2 13:31:18 cu-cs-vm whoopsie[107960]: [13:31:18] Not a paid data plan: /org/freedesktop/NetworkManager/ActiveConnection/0
Feb  2 13:31:18 cu-cs-vm whoopsie[107960]: [13:31:18] Found usable connection: /org/freedesktop/NetworkManager/ActiveConnection/0
Feb  2 13:31:19 cu-cs-vm kernel: [ 4532.171070] kauditd_printk_skb: 12 callbacks suppressed
Feb  2 13:31:19 cu-cs-vm kernel: [ 4532.171071] audit: type=1400 audit(1580675479.990:48): apparmor="STATUS" operation="profile_replace" info="same as current profile, skipping" profile="unconfined" name="/usr/sbin/tcpdump" pid=108114 comm="apparmor_parser"
Feb  2 13:31:20 cu-cs-vm systemd[1]: Reloading.
Feb  2 13:31:20 cu-cs-vm systemd[1]: Started CUPS Scheduler.
Feb  2 13:31:20 cu-cs-vm systemd[1]: Started ACPI event daemon.
Feb  2 13:31:20 cu-cs-vm systemd[1]: Reloading.
Feb  2 13:31:21 cu-cs-vm systemd[1]: Started CUPS Scheduler.
Feb  2 13:31:21 cu-cs-vm systemd[1]: Started ACPI event daemon.
Feb  2 13:31:21 cu-cs-vm systemd[1]: Starting LSB: automatic crash report generation...
Feb  2 13:31:21 cu-cs-vm apport[108205]:  * Starting automatic crash report generation: apport
Feb  2 13:31:21 cu-cs-vm apport[108205]:    ...done.
Feb  2 13:31:21 cu-cs-vm systemd[1]: Started LSB: automatic crash report generation.
Feb  2 13:31:21 cu-cs-vm systemd[1]: Reloading.
Feb  2 13:31:21 cu-cs-vm systemd[1]: Started CUPS Scheduler.
Feb  2 13:31:21 cu-cs-vm systemd[1]: Started ACPI event daemon.
Feb  2 13:31:21 cu-cs-vm avahi-daemon[888]: Files changed, reloading.
Feb  2 13:31:21 cu-cs-vm avahi-daemon[888]: No service file found in /etc/avahi/services.
Feb  2 13:31:21 cu-cs-vm avahi-daemon[888]: Files changed, reloading.
Feb  2 13:31:21 cu-cs-vm avahi-daemon[888]: No service file found in /etc/avahi/services.
Feb  2 13:31:21 cu-cs-vm avahi-daemon[888]: Files changed, reloading.
Feb  2 13:31:21 cu-cs-vm avahi-daemon[888]: No service file found in /etc/avahi/services.
Feb  2 13:31:21 cu-cs-vm dbus[922]: [system] Reloaded configuration
Feb  2 13:31:21 cu-cs-vm systemd[1]: Reloading.
Feb  2 13:31:21 cu-cs-vm systemd[1]: Started CUPS Scheduler.
Feb  2 13:31:21 cu-cs-vm systemd[1]: Started ACPI event daemon.
Feb  2 13:31:21 cu-cs-vm systemd[1]: Reloading D-Bus System Message Bus.
Feb  2 13:31:21 cu-cs-vm dbus[922]: [system] Reloaded configuration
Feb  2 13:31:21 cu-cs-vm dbus-send[108293]: method return time=1580675481.848135 sender=org.freedesktop.DBus -> destination=:1.89 serial=3 reply_serial=2
Feb  2 13:31:21 cu-cs-vm systemd[1]: Reloaded D-Bus System Message Bus.
Feb  2 13:31:22 cu-cs-vm systemd[1]: Reloading.
Feb  2 13:31:22 cu-cs-vm systemd[1]: Started CUPS Scheduler.
Feb  2 13:31:22 cu-cs-vm systemd[1]: Started ACPI event daemon.
Feb  2 13:31:22 cu-cs-vm systemd[1]: Reloading.
Feb  2 13:31:22 cu-cs-vm systemd[1]: Started CUPS Scheduler.
Feb  2 13:31:22 cu-cs-vm systemd[1]: Started ACPI event daemon.
Feb  2 13:31:22 cu-cs-vm avahi-daemon[888]: Got SIGTERM, quitting.
Feb  2 13:31:22 cu-cs-vm systemd[1]: Stopping Avahi mDNS/DNS-SD Stack...
Feb  2 13:31:22 cu-cs-vm avahi-daemon[888]: Leaving mDNS multicast group on interface ens33.IPv6 with address fe80::6975:c97:1d9c:a397.
Feb  2 13:31:22 cu-cs-vm avahi-daemon[888]: Leaving mDNS multicast group on interface ens33.IPv4 with address 192.168.233.130.
Feb  2 13:31:22 cu-cs-vm dbus[922]: [system] Activating via systemd: service name='org.freedesktop.Avahi' unit='dbus-org.freedesktop.Avahi.service'
Feb  2 13:31:22 cu-cs-vm avahi-daemon[888]: avahi-daemon 0.6.32-rc exiting.
Feb  2 13:31:22 cu-cs-vm systemd[1]: Stopped Avahi mDNS/DNS-SD Stack.
Feb  2 13:31:22 cu-cs-vm systemd[1]: Starting Avahi mDNS/DNS-SD Stack...
Feb  2 13:31:22 cu-cs-vm avahi-daemon[108354]: Process 888 died: No such process; trying to remove PID file. (/var/run/avahi-daemon//pid)
Feb  2 13:31:22 cu-cs-vm avahi-daemon[108354]: Found user 'avahi' (UID 111) and group 'avahi' (GID 120).
Feb  2 13:31:22 cu-cs-vm avahi-daemon[108354]: Successfully dropped root privileges.
Feb  2 13:31:22 cu-cs-vm avahi-daemon[108354]: avahi-daemon 0.6.32-rc starting up.
Feb  2 13:31:22 cu-cs-vm dbus[922]: [system] Successfully activated service 'org.freedesktop.Avahi'
Feb  2 13:31:22 cu-cs-vm avahi-daemon[108354]: Successfully called chroot().
Feb  2 13:31:22 cu-cs-vm avahi-daemon[108354]: Successfully dropped remaining capabilities.
Feb  2 13:31:22 cu-cs-vm avahi-daemon[108354]: No service file found in /etc/avahi/services.
Feb  2 13:31:22 cu-cs-vm avahi-daemon[108354]: Joining mDNS multicast group on interface ens33.IPv6 with address fe80::6975:c97:1d9c:a397.
Feb  2 13:31:22 cu-cs-vm avahi-daemon[108354]: New relevant interface ens33.IPv6 for mDNS.
Feb  2 13:31:22 cu-cs-vm avahi-daemon[108354]: Joining mDNS multicast group on interface ens33.IPv4 with address 192.168.233.130.
Feb  2 13:31:22 cu-cs-vm avahi-daemon[108354]: New relevant interface ens33.IPv4 for mDNS.
Feb  2 13:31:22 cu-cs-vm avahi-daemon[108354]: Network interface enumeration completed.
Feb  2 13:31:22 cu-cs-vm avahi-daemon[108354]: Registering new address record for fe80::6975:c97:1d9c:a397 on ens33.*.
Feb  2 13:31:22 cu-cs-vm avahi-daemon[108354]: Registering new address record for 192.168.233.130 on ens33.IPv4.
Feb  2 13:31:22 cu-cs-vm snapd[107848]: daemon.go:611: gracefully waiting for running hooks
Feb  2 13:31:22 cu-cs-vm snapd[107848]: daemon.go:613: done waiting for running hooks
Feb  2 13:31:22 cu-cs-vm snapd[107848]: daemon stop requested to wait for socket activation
Feb  2 13:31:22 cu-cs-vm systemd[1]: Started Avahi mDNS/DNS-SD Stack.
Feb  2 13:31:23 cu-cs-vm avahi-daemon[108354]: Server startup complete. Host name is cu-cs-vm.local. Local service cookie is 4093296630.
Feb  2 13:31:24 cu-cs-vm kernel: [ 4536.668700] audit: type=1400 audit(1580675484.486:49): apparmor="STATUS" operation="profile_replace" profile="unconfined" name="/usr/bin/evince" pid=108361 comm="apparmor_parser"
Feb  2 13:31:24 cu-cs-vm kernel: [ 4536.698438] audit: type=1400 audit(1580675484.518:50): apparmor="STATUS" operation="profile_replace" info="same as current profile, skipping" profile="unconfined" name="/usr/bin/evince//sanitized_helper" pid=108361 comm="apparmor_parser"
Feb  2 13:31:24 cu-cs-vm kernel: [ 4536.699594] audit: type=1400 audit(1580675484.518:51): apparmor="STATUS" operation="profile_replace" profile="unconfined" name="/usr/bin/evince-previewer" pid=108361 comm="apparmor_parser"
Feb  2 13:31:24 cu-cs-vm kernel: [ 4536.715838] audit: type=1400 audit(1580675484.534:52): apparmor="STATUS" operation="profile_replace" info="same as current profile, skipping" profile="unconfined" name="/usr/bin/evince-previewer//sanitized_helper" pid=108361 comm="apparmor_parser"
Feb  2 13:31:24 cu-cs-vm kernel: [ 4536.716773] audit: type=1400 audit(1580675484.534:53): apparmor="STATUS" operation="profile_replace" profile="unconfined" name="/usr/bin/evince-thumbnailer" pid=108361 comm="apparmor_parser"
Feb  2 13:31:25 cu-cs-vm dbus[922]: [system] Reloaded configuration
Feb  2 13:34:12 cu-cs-vm dbus[922]: message repeated 2 times: [ [system] Reloaded configuration]
Feb  2 13:34:12 cu-cs-vm systemd[1]: Reloading.
Feb  2 13:34:12 cu-cs-vm systemd[1]: Started CUPS Scheduler.
Feb  2 13:34:12 cu-cs-vm systemd[1]: Started ACPI event daemon.
Feb  2 13:34:12 cu-cs-vm systemd[1]: Reloading.
Feb  2 13:34:12 cu-cs-vm systemd[1]: Started CUPS Scheduler.
Feb  2 13:34:12 cu-cs-vm systemd[1]: Started ACPI event daemon.
Feb  2 13:34:12 cu-cs-vm systemd[1]: Stopping Authenticate and Authorize Users to Run Privileged Tasks...
Feb  2 13:34:12 cu-cs-vm systemd[1]: Stopped Authenticate and Authorize Users to Run Privileged Tasks.
Feb  2 13:34:12 cu-cs-vm systemd[1]: Starting Authenticate and Authorize Users to Run Privileged Tasks...
Feb  2 13:34:12 cu-cs-vm dbus[922]: [system] Activating via systemd: service name='org.freedesktop.PolicyKit1' unit='polkitd.service'
Feb  2 13:34:12 cu-cs-vm polkitd[3526]: started daemon version 0.105 using authority implementation `local' version `0.105'
Feb  2 13:34:12 cu-cs-vm dbus[922]: [system] Successfully activated service 'org.freedesktop.PolicyKit1'
Feb  2 13:34:12 cu-cs-vm systemd[1]: Started Authenticate and Authorize Users to Run Privileged Tasks.
Feb  2 13:34:12 cu-cs-vm dbus[922]: [system] Reloaded configuration
Feb  2 13:34:12 cu-cs-vm dbus[922]: [system] Reloaded configuration
Feb  2 13:34:12 cu-cs-vm systemd[1]: Reloading.
Feb  2 13:34:13 cu-cs-vm systemd[1]: Started CUPS Scheduler.
Feb  2 13:34:13 cu-cs-vm systemd[1]: Started ACPI event daemon.
Feb  2 13:34:13 cu-cs-vm systemd[1]: Reloading.
Feb  2 13:34:13 cu-cs-vm systemd[1]: Started CUPS Scheduler.
Feb  2 13:34:13 cu-cs-vm systemd[1]: Started ACPI event daemon.
Feb  2 13:34:13 cu-cs-vm systemd[1]: Reloading D-Bus System Message Bus.
Feb  2 13:34:13 cu-cs-vm dbus[922]: [system] Reloaded configuration
Feb  2 13:34:13 cu-cs-vm dbus-send[3586]: method return time=1580675653.222286 sender=org.freedesktop.DBus -> destination=:1.93 serial=3 reply_serial=2
Feb  2 13:34:13 cu-cs-vm systemd[1]: Reloaded D-Bus System Message Bus.
Feb  2 13:34:13 cu-cs-vm systemd[1]: Reloading.
Feb  2 13:34:13 cu-cs-vm systemd[1]: Started CUPS Scheduler.
Feb  2 13:34:13 cu-cs-vm systemd[1]: Started ACPI event daemon.
Feb  2 13:34:13 cu-cs-vm systemd[1]: Reloading.
Feb  2 13:34:14 cu-cs-vm systemd[1]: Started CUPS Scheduler.
Feb  2 13:34:14 cu-cs-vm systemd[1]: Started ACPI event daemon.
Feb  2 13:34:14 cu-cs-vm dbus[922]: [system] Reloaded configuration
Feb  2 13:34:14 cu-cs-vm dbus[922]: [system] Reloaded configuration
Feb  2 13:34:16 cu-cs-vm systemd[1]: Reloading.
Feb  2 13:34:16 cu-cs-vm systemd[1]: Started CUPS Scheduler.
Feb  2 13:34:16 cu-cs-vm systemd[1]: Started ACPI event daemon.
Feb  2 13:34:16 cu-cs-vm systemd[1]: Reloading.
Feb  2 13:34:17 cu-cs-vm systemd[1]: Started CUPS Scheduler.
Feb  2 13:34:17 cu-cs-vm systemd[1]: Started ACPI event daemon.
Feb  2 13:34:17 cu-cs-vm systemd[1]: Started Unattended Upgrades Shutdown.
Feb  2 13:35:49 cu-cs-vm dhclient[1047]: DHCPREQUEST of 192.168.233.130 on ens33 to 192.168.233.254 port 67 (xid=0x7555e414)
Feb  2 13:35:49 cu-cs-vm dhclient[1047]: DHCPACK of 192.168.233.130 from 192.168.233.254
Feb  2 13:35:49 cu-cs-vm NetworkManager[952]: <info>  [1580675749.4443]   address 192.168.233.130
Feb  2 13:35:49 cu-cs-vm NetworkManager[952]: <info>  [1580675749.4443]   plen 24 (255.255.255.0)
Feb  2 13:35:49 cu-cs-vm NetworkManager[952]: <info>  [1580675749.4444]   gateway 192.168.233.2
Feb  2 13:35:49 cu-cs-vm NetworkManager[952]: <info>  [1580675749.4444]   server identifier 192.168.233.254
Feb  2 13:35:49 cu-cs-vm NetworkManager[952]: <info>  [1580675749.4444]   lease time 1800
Feb  2 13:35:49 cu-cs-vm NetworkManager[952]: <info>  [1580675749.4444]   nameserver '192.168.233.2'
Feb  2 13:35:49 cu-cs-vm NetworkManager[952]: <info>  [1580675749.4444]   domain name 'localdomain'
Feb  2 13:35:49 cu-cs-vm NetworkManager[952]: <info>  [1580675749.4444]   wins '192.168.233.2'
Feb  2 13:35:49 cu-cs-vm NetworkManager[952]: <info>  [1580675749.4444] dhcp4 (ens33): state changed bound -> bound
Feb  2 13:35:49 cu-cs-vm dbus[922]: [system] Activating via systemd: service name='org.freedesktop.nm_dispatcher' unit='dbus-org.freedesktop.nm-dispatcher.service'
Feb  2 13:35:49 cu-cs-vm systemd[1]: Starting Network Manager Script Dispatcher Service...
Feb  2 13:35:49 cu-cs-vm dbus[922]: [system] Successfully activated service 'org.freedesktop.nm_dispatcher'
Feb  2 13:35:49 cu-cs-vm systemd[1]: Started Network Manager Script Dispatcher Service.
Feb  2 13:35:49 cu-cs-vm nm-dispatcher: req:1 'dhcp4-change' [ens33]: new request (1 scripts)
Feb  2 13:35:49 cu-cs-vm nm-dispatcher: req:1 'dhcp4-change' [ens33]: start running ordered scripts...
Feb  2 13:35:49 cu-cs-vm dhclient[1047]: bound to 192.168.233.130 -- renewal in 728 seconds.
Feb  2 13:36:04 cu-cs-vm uptimed: moving up to position 3: 0 days, 01:20:17
Feb  2 13:37:13 cu-cs-vm kernel: [ 4885.980650] SGI XFS with ACLs, security attributes, realtime, no debug enabled
Feb  2 13:37:13 cu-cs-vm kernel: [ 4886.008121] JFS: nTxBlock = 8192, nTxLock = 65536
Feb  2 13:37:13 cu-cs-vm kernel: [ 4886.045602] ntfs: driver 2.1.32 [Flags: R/O MODULE].
Feb  2 13:37:13 cu-cs-vm kernel: [ 4886.129506] QNX4 filesystem 0.2.3 registered.
Feb  2 13:37:14 cu-cs-vm kernel: [ 4886.215367] raid6: sse2x1   gen()  8555 MB/s
Feb  2 13:37:14 cu-cs-vm kernel: [ 4886.261582] raid6: sse2x1   xor()  4905 MB/s
Feb  2 13:37:14 cu-cs-vm kernel: [ 4886.310488] raid6: sse2x2   gen()  9430 MB/s
Feb  2 13:37:14 cu-cs-vm kernel: [ 4886.358975] raid6: sse2x2   xor()  5175 MB/s
Feb  2 13:37:14 cu-cs-vm kernel: [ 4886.405251] raid6: sse2x4   gen()  5724 MB/s
Feb  2 13:37:14 cu-cs-vm kernel: [ 4886.454036] raid6: sse2x4   xor()  5919 MB/s
Feb  2 13:37:14 cu-cs-vm kernel: [ 4886.502894] raid6: avx2x1   gen() 18672 MB/s
Feb  2 13:37:14 cu-cs-vm kernel: [ 4886.549153] raid6: avx2x1   xor() 11858 MB/s
Feb  2 13:37:14 cu-cs-vm kernel: [ 4886.597956] raid6: avx2x2   gen() 18893 MB/s
Feb  2 13:37:14 cu-cs-vm kernel: [ 4886.646894] raid6: avx2x2   xor() 13108 MB/s
Feb  2 13:37:14 cu-cs-vm kernel: [ 4886.693116] raid6: avx2x4   gen() 22466 MB/s
Feb  2 13:37:14 cu-cs-vm kernel: [ 4886.741974] raid6: avx2x4   xor() 19013 MB/s
Feb  2 13:37:14 cu-cs-vm kernel: [ 4886.741977] raid6: using algorithm avx2x4 gen() 22466 MB/s
Feb  2 13:37:14 cu-cs-vm kernel: [ 4886.741978] raid6: .... xor() 19013 MB/s, rmw enabled
Feb  2 13:37:14 cu-cs-vm kernel: [ 4886.741979] raid6: using avx2x2 recovery algorithm
Feb  2 13:37:14 cu-cs-vm kernel: [ 4886.745280] xor: automatically using best checksumming function   avx       
Feb  2 13:37:14 cu-cs-vm kernel: [ 4886.866862] Btrfs loaded, crc32c=crc32c-intel
Feb  2 13:37:14 cu-cs-vm os-prober: debug: /dev/sda2: DOS extended partition; skipping
Feb  2 13:37:14 cu-cs-vm os-prober: debug: /dev/sda5: is active swap
Feb  2 13:37:38 cu-cs-vm os-prober: debug: /dev/sda2: DOS extended partition; skipping
Feb  2 13:37:38 cu-cs-vm os-prober: debug: /dev/sda5: is active swap
Feb  2 13:38:06 cu-cs-vm os-prober: debug: /dev/sda2: DOS extended partition; skipping
Feb  2 13:38:06 cu-cs-vm os-prober: debug: /dev/sda5: is active swap
Feb  2 13:38:08 cu-cs-vm os-prober: debug: /dev/sda2: DOS extended partition; skipping
Feb  2 13:38:08 cu-cs-vm os-prober: debug: /dev/sda5: is active swap
Feb  2 13:38:11 cu-cs-vm systemd[1]: Started Daily apt upgrade and clean activities.
Feb  2 13:38:11 cu-cs-vm systemd[1]: Startup finished in 12.406s (kernel) + 1h 22min 11.424s (userspace) = 1h 22min 23.830s.
Feb  2 13:46:04 cu-cs-vm uptimed: new uptime record: 0 days, 01:30:17
Feb  2 13:47:57 cu-cs-vm dhclient[1047]: DHCPREQUEST of 192.168.233.130 on ens33 to 192.168.233.254 port 67 (xid=0x7555e414)
Feb  2 13:47:57 cu-cs-vm dhclient[1047]: DHCPACK of 192.168.233.130 from 192.168.233.254
Feb  2 13:47:57 cu-cs-vm NetworkManager[952]: <info>  [1580676477.4571]   address 192.168.233.130
Feb  2 13:47:57 cu-cs-vm NetworkManager[952]: <info>  [1580676477.4571]   plen 24 (255.255.255.0)
Feb  2 13:47:57 cu-cs-vm NetworkManager[952]: <info>  [1580676477.4571]   gateway 192.168.233.2
Feb  2 13:47:57 cu-cs-vm NetworkManager[952]: <info>  [1580676477.4572]   server identifier 192.168.233.254
Feb  2 13:47:57 cu-cs-vm NetworkManager[952]: <info>  [1580676477.4572]   lease time 1800
Feb  2 13:47:57 cu-cs-vm NetworkManager[952]: <info>  [1580676477.4572]   nameserver '192.168.233.2'
Feb  2 13:47:57 cu-cs-vm NetworkManager[952]: <info>  [1580676477.4572]   domain name 'localdomain'
Feb  2 13:47:57 cu-cs-vm NetworkManager[952]: <info>  [1580676477.4572]   wins '192.168.233.2'
Feb  2 13:47:57 cu-cs-vm NetworkManager[952]: <info>  [1580676477.4572] dhcp4 (ens33): state changed bound -> bound
Feb  2 13:47:57 cu-cs-vm dbus[922]: [system] Activating via systemd: service name='org.freedesktop.nm_dispatcher' unit='dbus-org.freedesktop.nm-dispatcher.service'
Feb  2 13:47:57 cu-cs-vm dhclient[1047]: bound to 192.168.233.130 -- renewal in 804 seconds.
Feb  2 13:47:57 cu-cs-vm systemd[1]: Starting Network Manager Script Dispatcher Service...
Feb  2 13:47:57 cu-cs-vm dbus[922]: [system] Successfully activated service 'org.freedesktop.nm_dispatcher'
Feb  2 13:47:57 cu-cs-vm systemd[1]: Started Network Manager Script Dispatcher Service.
Feb  2 13:47:57 cu-cs-vm nm-dispatcher: req:1 'dhcp4-change' [ens33]: new request (1 scripts)
Feb  2 13:47:57 cu-cs-vm nm-dispatcher: req:1 'dhcp4-change' [ens33]: start running ordered scripts...
Feb  2 14:01:21 cu-cs-vm dhclient[1047]: DHCPREQUEST of 192.168.233.130 on ens33 to 192.168.233.254 port 67 (xid=0x7555e414)
Feb  2 14:01:21 cu-cs-vm dhclient[1047]: DHCPACK of 192.168.233.130 from 192.168.233.254
Feb  2 14:01:21 cu-cs-vm NetworkManager[952]: <info>  [1580677281.7657]   address 192.168.233.130
Feb  2 14:01:21 cu-cs-vm NetworkManager[952]: <info>  [1580677281.7657]   plen 24 (255.255.255.0)
Feb  2 14:01:21 cu-cs-vm NetworkManager[952]: <info>  [1580677281.7657]   gateway 192.168.233.2
Feb  2 14:01:21 cu-cs-vm NetworkManager[952]: <info>  [1580677281.7658]   server identifier 192.168.233.254
Feb  2 14:01:21 cu-cs-vm NetworkManager[952]: <info>  [1580677281.7658]   lease time 1800
Feb  2 14:01:21 cu-cs-vm NetworkManager[952]: <info>  [1580677281.7658]   nameserver '192.168.233.2'
Feb  2 14:01:21 cu-cs-vm dbus[922]: [system] Activating via systemd: service name='org.freedesktop.nm_dispatcher' unit='dbus-org.freedesktop.nm-dispatcher.service'
Feb  2 14:01:21 cu-cs-vm NetworkManager[952]: <info>  [1580677281.7658]   domain name 'localdomain'
Feb  2 14:01:21 cu-cs-vm NetworkManager[952]: <info>  [1580677281.7658]   wins '192.168.233.2'
Feb  2 14:01:21 cu-cs-vm NetworkManager[952]: <info>  [1580677281.7658] dhcp4 (ens33): state changed bound -> bound
Feb  2 14:01:21 cu-cs-vm dhclient[1047]: bound to 192.168.233.130 -- renewal in 721 seconds.
Feb  2 14:01:21 cu-cs-vm systemd[1]: Starting Network Manager Script Dispatcher Service...
Feb  2 14:01:21 cu-cs-vm dbus[922]: [system] Successfully activated service 'org.freedesktop.nm_dispatcher'
Feb  2 14:01:21 cu-cs-vm systemd[1]: Started Network Manager Script Dispatcher Service.
Feb  2 14:01:21 cu-cs-vm nm-dispatcher: req:1 'dhcp4-change' [ens33]: new request (1 scripts)
Feb  2 14:01:21 cu-cs-vm nm-dispatcher: req:1 'dhcp4-change' [ens33]: start running ordered scripts...
Feb  2 14:13:23 cu-cs-vm dhclient[1047]: DHCPREQUEST of 192.168.233.130 on ens33 to 192.168.233.254 port 67 (xid=0x7555e414)
Feb  2 14:13:23 cu-cs-vm dhclient[1047]: DHCPACK of 192.168.233.130 from 192.168.233.254
Feb  2 14:13:23 cu-cs-vm NetworkManager[952]: <info>  [1580678003.1200]   address 192.168.233.130
Feb  2 14:13:23 cu-cs-vm NetworkManager[952]: <info>  [1580678003.1201]   plen 24 (255.255.255.0)
Feb  2 14:13:23 cu-cs-vm dbus[922]: [system] Activating via systemd: service name='org.freedesktop.nm_dispatcher' unit='dbus-org.freedesktop.nm-dispatcher.service'
Feb  2 14:13:23 cu-cs-vm NetworkManager[952]: <info>  [1580678003.1201]   gateway 192.168.233.2
Feb  2 14:13:23 cu-cs-vm NetworkManager[952]: <info>  [1580678003.1201]   server identifier 192.168.233.254
Feb  2 14:13:23 cu-cs-vm NetworkManager[952]: <info>  [1580678003.1201]   lease time 1800
Feb  2 14:13:23 cu-cs-vm NetworkManager[952]: <info>  [1580678003.1201]   nameserver '192.168.233.2'
Feb  2 14:13:23 cu-cs-vm NetworkManager[952]: <info>  [1580678003.1201]   domain name 'localdomain'
Feb  2 14:13:23 cu-cs-vm NetworkManager[952]: <info>  [1580678003.1201]   wins '192.168.233.2'
Feb  2 14:13:23 cu-cs-vm NetworkManager[952]: <info>  [1580678003.1201] dhcp4 (ens33): state changed bound -> bound
Feb  2 14:13:23 cu-cs-vm systemd[1]: Starting Network Manager Script Dispatcher Service...
Feb  2 14:13:23 cu-cs-vm dhclient[1047]: bound to 192.168.233.130 -- renewal in 833 seconds.
Feb  2 14:13:23 cu-cs-vm dbus[922]: [system] Successfully activated service 'org.freedesktop.nm_dispatcher'
Feb  2 14:13:23 cu-cs-vm systemd[1]: Started Network Manager Script Dispatcher Service.
Feb  2 14:13:23 cu-cs-vm nm-dispatcher: req:1 'dhcp4-change' [ens33]: new request (1 scripts)
Feb  2 14:13:23 cu-cs-vm nm-dispatcher: req:1 'dhcp4-change' [ens33]: start running ordered scripts...
Feb  2 14:17:01 cu-cs-vm CRON[32636]: (root) CMD (   cd / && run-parts --report /etc/cron.hourly)
Feb  2 14:27:16 cu-cs-vm dhclient[1047]: DHCPREQUEST of 192.168.233.130 on ens33 to 192.168.233.254 port 67 (xid=0x7555e414)
Feb  2 14:27:16 cu-cs-vm dhclient[1047]: DHCPACK of 192.168.233.130 from 192.168.233.254
Feb  2 14:27:16 cu-cs-vm NetworkManager[952]: <info>  [1580678836.2062]   address 192.168.233.130
Feb  2 14:27:16 cu-cs-vm NetworkManager[952]: <info>  [1580678836.2068]   plen 24 (255.255.255.0)
Feb  2 14:27:16 cu-cs-vm NetworkManager[952]: <info>  [1580678836.2071]   gateway 192.168.233.2
Feb  2 14:27:16 cu-cs-vm NetworkManager[952]: <info>  [1580678836.2073]   server identifier 192.168.233.254
Feb  2 14:27:16 cu-cs-vm NetworkManager[952]: <info>  [1580678836.2076]   lease time 1800
Feb  2 14:27:16 cu-cs-vm NetworkManager[952]: <info>  [1580678836.2079]   nameserver '192.168.233.2'
Feb  2 14:27:16 cu-cs-vm NetworkManager[952]: <info>  [1580678836.2082]   domain name 'localdomain'
Feb  2 14:27:16 cu-cs-vm NetworkManager[952]: <info>  [1580678836.2085]   wins '192.168.233.2'
Feb  2 14:27:16 cu-cs-vm NetworkManager[952]: <info>  [1580678836.2087] dhcp4 (ens33): state changed bound -> bound
Feb  2 14:27:16 cu-cs-vm dbus[922]: [system] Activating via systemd: service name='org.freedesktop.nm_dispatcher' unit='dbus-org.freedesktop.nm-dispatcher.service'
Feb  2 14:27:16 cu-cs-vm dhclient[1047]: bound to 192.168.233.130 -- renewal in 731 seconds.
Feb  2 14:27:16 cu-cs-vm systemd[1]: Starting Network Manager Script Dispatcher Service...
Feb  2 14:27:16 cu-cs-vm dbus[922]: [system] Successfully activated service 'org.freedesktop.nm_dispatcher'
Feb  2 14:27:16 cu-cs-vm systemd[1]: Started Network Manager Script Dispatcher Service.
Feb  2 14:27:16 cu-cs-vm nm-dispatcher: req:1 'dhcp4-change' [ens33]: new request (1 scripts)
Feb  2 14:27:16 cu-cs-vm nm-dispatcher: req:1 'dhcp4-change' [ens33]: start running ordered scripts...
Feb  2 14:39:27 cu-cs-vm dhclient[1047]: DHCPREQUEST of 192.168.233.130 on ens33 to 192.168.233.254 port 67 (xid=0x7555e414)
Feb  2 14:39:27 cu-cs-vm dhclient[1047]: DHCPACK of 192.168.233.130 from 192.168.233.254
Feb  2 14:39:27 cu-cs-vm NetworkManager[952]: <info>  [1580679567.5887]   address 192.168.233.130
Feb  2 14:39:27 cu-cs-vm NetworkManager[952]: <info>  [1580679567.5888]   plen 24 (255.255.255.0)
Feb  2 14:39:27 cu-cs-vm NetworkManager[952]: <info>  [1580679567.5888]   gateway 192.168.233.2
Feb  2 14:39:27 cu-cs-vm NetworkManager[952]: <info>  [1580679567.5888]   server identifier 192.168.233.254
Feb  2 14:39:27 cu-cs-vm NetworkManager[952]: <info>  [1580679567.5888]   lease time 1800
Feb  2 14:39:27 cu-cs-vm NetworkManager[952]: <info>  [1580679567.5889]   nameserver '192.168.233.2'
Feb  2 14:39:27 cu-cs-vm NetworkManager[952]: <info>  [1580679567.5889]   domain name 'localdomain'
Feb  2 14:39:27 cu-cs-vm NetworkManager[952]: <info>  [1580679567.5889]   wins '192.168.233.2'
Feb  2 14:39:27 cu-cs-vm dbus[922]: [system] Activating via systemd: service name='org.freedesktop.nm_dispatcher' unit='dbus-org.freedesktop.nm-dispatcher.service'
Feb  2 14:39:27 cu-cs-vm NetworkManager[952]: <info>  [1580679567.5889] dhcp4 (ens33): state changed bound -> bound
Feb  2 14:39:27 cu-cs-vm systemd[1]: Starting Network Manager Script Dispatcher Service...
Feb  2 14:39:27 cu-cs-vm dhclient[1047]: bound to 192.168.233.130 -- renewal in 789 seconds.
Feb  2 14:39:27 cu-cs-vm dbus[922]: [system] Successfully activated service 'org.freedesktop.nm_dispatcher'
Feb  2 14:39:27 cu-cs-vm systemd[1]: Started Network Manager Script Dispatcher Service.
Feb  2 14:39:27 cu-cs-vm nm-dispatcher: req:1 'dhcp4-change' [ens33]: new request (1 scripts)
Feb  2 14:39:27 cu-cs-vm nm-dispatcher: req:1 'dhcp4-change' [ens33]: start running ordered scripts...
Feb  2 14:52:36 cu-cs-vm dhclient[1047]: DHCPREQUEST of 192.168.233.130 on ens33 to 192.168.233.254 port 67 (xid=0x7555e414)
Feb  2 14:52:36 cu-cs-vm dhclient[1047]: DHCPACK of 192.168.233.130 from 192.168.233.254
Feb  2 14:52:36 cu-cs-vm NetworkManager[952]: <info>  [1580680356.9984]   address 192.168.233.130
Feb  2 14:52:36 cu-cs-vm NetworkManager[952]: <info>  [1580680356.9984]   plen 24 (255.255.255.0)
Feb  2 14:52:36 cu-cs-vm NetworkManager[952]: <info>  [1580680356.9985]   gateway 192.168.233.2
Feb  2 14:52:36 cu-cs-vm NetworkManager[952]: <info>  [1580680356.9985]   server identifier 192.168.233.254
Feb  2 14:52:36 cu-cs-vm NetworkManager[952]: <info>  [1580680356.9985]   lease time 1800
Feb  2 14:52:36 cu-cs-vm NetworkManager[952]: <info>  [1580680356.9985]   nameserver '192.168.233.2'
Feb  2 14:52:36 cu-cs-vm NetworkManager[952]: <info>  [1580680356.9985]   domain name 'localdomain'
Feb  2 14:52:36 cu-cs-vm NetworkManager[952]: <info>  [1580680356.9985]   wins '192.168.233.2'
Feb  2 14:52:37 cu-cs-vm NetworkManager[952]: <info>  [1580680356.9985] dhcp4 (ens33): state changed bound -> bound
Feb  2 14:52:37 cu-cs-vm dbus[922]: [system] Activating via systemd: service name='org.freedesktop.nm_dispatcher' unit='dbus-org.freedesktop.nm-dispatcher.service'
Feb  2 14:52:37 cu-cs-vm dhclient[1047]: bound to 192.168.233.130 -- renewal in 825 seconds.
Feb  2 14:52:37 cu-cs-vm systemd[1]: Starting Network Manager Script Dispatcher Service...
Feb  2 14:52:37 cu-cs-vm dbus[922]: [system] Successfully activated service 'org.freedesktop.nm_dispatcher'
Feb  2 14:52:37 cu-cs-vm systemd[1]: Started Network Manager Script Dispatcher Service.
Feb  2 14:52:37 cu-cs-vm nm-dispatcher: req:1 'dhcp4-change' [ens33]: new request (1 scripts)
Feb  2 14:52:37 cu-cs-vm nm-dispatcher: req:1 'dhcp4-change' [ens33]: start running ordered scripts...
Feb  2 15:06:22 cu-cs-vm dhclient[1047]: DHCPREQUEST of 192.168.233.130 on ens33 to 192.168.233.254 port 67 (xid=0x7555e414)
Feb  2 15:06:22 cu-cs-vm dhclient[1047]: DHCPACK of 192.168.233.130 from 192.168.233.254
Feb  2 15:06:22 cu-cs-vm NetworkManager[952]: <info>  [1580681182.7351]   address 192.168.233.130
Feb  2 15:06:22 cu-cs-vm NetworkManager[952]: <info>  [1580681182.7352]   plen 24 (255.255.255.0)
Feb  2 15:06:22 cu-cs-vm NetworkManager[952]: <info>  [1580681182.7352]   gateway 192.168.233.2
Feb  2 15:06:22 cu-cs-vm NetworkManager[952]: <info>  [1580681182.7352]   server identifier 192.168.233.254
Feb  2 15:06:22 cu-cs-vm NetworkManager[952]: <info>  [1580681182.7352]   lease time 1800
Feb  2 15:06:22 cu-cs-vm NetworkManager[952]: <info>  [1580681182.7353]   nameserver '192.168.233.2'
Feb  2 15:06:22 cu-cs-vm NetworkManager[952]: <info>  [1580681182.7353]   domain name 'localdomain'
Feb  2 15:06:22 cu-cs-vm NetworkManager[952]: <info>  [1580681182.7353]   wins '192.168.233.2'
Feb  2 15:06:22 cu-cs-vm NetworkManager[952]: <info>  [1580681182.7353] dhcp4 (ens33): state changed bound -> bound
Feb  2 15:06:22 cu-cs-vm dbus[922]: [system] Activating via systemd: service name='org.freedesktop.nm_dispatcher' unit='dbus-org.freedesktop.nm-dispatcher.service'
Feb  2 15:06:22 cu-cs-vm dhclient[1047]: bound to 192.168.233.130 -- renewal in 838 seconds.
Feb  2 15:06:22 cu-cs-vm systemd[1]: Starting Network Manager Script Dispatcher Service...
Feb  2 15:06:22 cu-cs-vm dbus[922]: [system] Successfully activated service 'org.freedesktop.nm_dispatcher'
Feb  2 15:06:22 cu-cs-vm systemd[1]: Started Network Manager Script Dispatcher Service.
Feb  2 15:06:22 cu-cs-vm nm-dispatcher: req:1 'dhcp4-change' [ens33]: new request (1 scripts)
Feb  2 15:06:22 cu-cs-vm nm-dispatcher: req:1 'dhcp4-change' [ens33]: start running ordered scripts...
Feb  2 15:17:01 cu-cs-vm CRON[33787]: (root) CMD (   cd / && run-parts --report /etc/cron.hourly)
Feb  2 15:20:20 cu-cs-vm dhclient[1047]: DHCPREQUEST of 192.168.233.130 on ens33 to 192.168.233.254 port 67 (xid=0x7555e414)
Feb  2 15:20:20 cu-cs-vm dhclient[1047]: DHCPACK of 192.168.233.130 from 192.168.233.254
Feb  2 15:20:20 cu-cs-vm NetworkManager[952]: <info>  [1580682020.2135]   address 192.168.233.130
Feb  2 15:20:20 cu-cs-vm NetworkManager[952]: <info>  [1580682020.2136]   plen 24 (255.255.255.0)
Feb  2 15:20:20 cu-cs-vm NetworkManager[952]: <info>  [1580682020.2136]   gateway 192.168.233.2
Feb  2 15:20:20 cu-cs-vm NetworkManager[952]: <info>  [1580682020.2137]   server identifier 192.168.233.254
Feb  2 15:20:20 cu-cs-vm NetworkManager[952]: <info>  [1580682020.2137]   lease time 1800
Feb  2 15:20:20 cu-cs-vm NetworkManager[952]: <info>  [1580682020.2137]   nameserver '192.168.233.2'
Feb  2 15:20:20 cu-cs-vm NetworkManager[952]: <info>  [1580682020.2137]   domain name 'localdomain'
Feb  2 15:20:20 cu-cs-vm NetworkManager[952]: <info>  [1580682020.2137]   wins '192.168.233.2'
Feb  2 15:20:20 cu-cs-vm dbus[922]: [system] Activating via systemd: service name='org.freedesktop.nm_dispatcher' unit='dbus-org.freedesktop.nm-dispatcher.service'
Feb  2 15:20:20 cu-cs-vm NetworkManager[952]: <info>  [1580682020.2138] dhcp4 (ens33): state changed bound -> bound
Feb  2 15:20:20 cu-cs-vm systemd[1]: Starting Network Manager Script Dispatcher Service...
Feb  2 15:20:20 cu-cs-vm dhclient[1047]: bound to 192.168.233.130 -- renewal in 829 seconds.
Feb  2 15:20:20 cu-cs-vm dbus[922]: [system] Successfully activated service 'org.freedesktop.nm_dispatcher'
Feb  2 15:20:20 cu-cs-vm systemd[1]: Started Network Manager Script Dispatcher Service.
Feb  2 15:20:20 cu-cs-vm nm-dispatcher: req:1 'dhcp4-change' [ens33]: new request (1 scripts)
Feb  2 15:20:20 cu-cs-vm nm-dispatcher: req:1 'dhcp4-change' [ens33]: start running ordered scripts...
Feb  2 15:21:03 cu-cs-vm os-prober: debug: /dev/sda2: DOS extended partition; skipping
Feb  2 15:21:03 cu-cs-vm os-prober: debug: /dev/sda5: is active swap
Feb  2 15:21:11 cu-cs-vm systemd[1]: Stopped target Timers.
Feb  2 15:21:11 cu-cs-vm systemd[1]: Closed Load/Save RF Kill Switch Status /dev/rfkill Watch.
Feb  2 15:21:11 cu-cs-vm systemd[1]: Stopping ACPI event daemon...
Feb  2 15:21:11 cu-cs-vm systemd[1]: Stopping Daemon for generating UUIDs...
Feb  2 15:21:11 cu-cs-vm systemd[1]: Stopping Authentication service for virtual machines hosted on VMware...
Feb  2 15:21:11 cu-cs-vm systemd[1]: Stopped Daily apt upgrade and clean activities.
Feb  2 15:21:11 cu-cs-vm systemd[1]: Stopped Daily apt download activities.
Feb  2 15:21:11 cu-cs-vm systemd[1]: Stopping Daemon for power management...
Feb  2 15:21:11 cu-cs-vm systemd[1]: Stopping Authenticate and Authorize Users to Run Privileged Tasks...
Feb  2 15:21:11 cu-cs-vm systemd[1]: Stopping Service for virtual machines hosted on VMware...
Feb  2 15:21:11 cu-cs-vm systemd[1]: Stopping Disk Manager...
Feb  2 15:21:11 cu-cs-vm VGAuthService[885]: ** Message: Processing SIGTERM; service exiting
Feb  2 15:21:11 cu-cs-vm VGAuthService[885]: ** Message: ServiceEndMainLoop: about to stop main loop
Feb  2 15:21:12 cu-cs-vm systemd[1]: Stopping Session c1 of user user.
Feb  2 15:21:12 cu-cs-vm dbus[922]: [system] Activating via systemd: service name='org.freedesktop.PolicyKit1' unit='polkitd.service'
Feb  2 15:21:12 cu-cs-vm systemd[1]: Stopping RealtimeKit Scheduling Policy Service...
Feb  2 15:21:12 cu-cs-vm systemd[1]: Stopped target System Time Synchronized.
Feb  2 15:21:12 cu-cs-vm systemd[1]: Stopped Daily Cleanup of Temporary Directories.
Feb  2 15:21:12 cu-cs-vm systemd[1]: Stopped target Graphical Interface.
Feb  2 15:21:12 cu-cs-vm systemd[1]: Stopped target Multi-User System.
Feb  2 15:21:12 cu-cs-vm systemd[1]: Stopping Make remote CUPS printers available locally...
Feb  2 15:21:12 cu-cs-vm systemd[1]: Stopped target Login Prompts.
Feb  2 15:21:12 cu-cs-vm systemd[1]: Stopping Getty on tty1...
Feb  2 15:21:12 cu-cs-vm systemd[1]: Stopping uptime record daemon...
Feb  2 15:21:12 cu-cs-vm systemd[1]: Stopped Initialize hardware monitoring sensors.
Feb  2 15:21:12 cu-cs-vm systemd[1]: Stopped Wait until snapd is fully seeded.
Feb  2 15:21:12 cu-cs-vm systemd[1]: Stopping Regular background program processing daemon...
Feb  2 15:21:12 cu-cs-vm systemd[1]: Stopping OpenBSD Secure Shell server...
Feb  2 15:21:12 cu-cs-vm VGAuthService[885]: ** Message: END SERVICE
Feb  2 12:21:05 cu-cs-vm rsyslogd: [origin software="rsyslogd" swVersion="8.16.0" x-pid="886" x-info="http://www.rsyslog.com"] rsyslogd was HUPed
Feb  2 15:21:12 cu-cs-vm rsyslogd: [origin software="rsyslogd" swVersion="8.16.0" x-pid="886" x-info="http://www.rsyslog.com"] exiting on signal 15.
Feb  2 15:22:02 cu-cs-vm rsyslogd: [origin software="rsyslogd" swVersion="8.16.0" x-pid="828" x-info="http://www.rsyslog.com"] start
Feb  2 15:22:02 cu-cs-vm systemd-modules-load[376]: Inserted module 'lp'
Feb  2 15:22:02 cu-cs-vm systemd-modules-load[376]: Inserted module 'ppdev'
Feb  2 15:22:02 cu-cs-vm systemd-modules-load[376]: Inserted module 'parport_pc'
Feb  2 15:22:02 cu-cs-vm systemd-modules-load[376]: Module 'fuse' is builtin
Feb  2 15:22:02 cu-cs-vm systemd[1]: Starting Flush Journal to Persistent Storage...
Feb  2 15:22:02 cu-cs-vm systemd[1]: Starting Apply Kernel Variables...
Feb  2 15:22:02 cu-cs-vm systemd[1]: Mounting Configuration File System...
Feb  2 15:22:02 cu-cs-vm systemd[1]: Mounting FUSE Control File System...
Feb  2 15:22:02 cu-cs-vm systemd[1]: Mounted Configuration File System.
Feb  2 15:22:02 cu-cs-vm loadkeys[380]: Loading /etc/console-setup/cached.kmap.gz
Feb  2 15:22:02 cu-cs-vm systemd[1]: Mounted FUSE Control File System.
Feb  2 15:22:02 cu-cs-vm rsyslogd-2222: command 'KLogPermitNonKernelFacility' is currently not permitted - did you already set it via a RainerScript command (v6+ config)? [v8.16.0 try http://www.rsyslog.com/e/2222 ]
Feb  2 15:22:02 cu-cs-vm rsyslogd: rsyslogd's groupid changed to 108
Feb  2 15:22:02 cu-cs-vm rsyslogd: rsyslogd's userid changed to 104
Feb  2 15:22:02 cu-cs-vm systemd[1]: Mounting VMware vmblock fuse mount...
Feb  2 15:22:02 cu-cs-vm systemd[1]: Started Apply Kernel Variables.
Feb  2 15:22:02 cu-cs-vm systemd[1]: Started Load/Save Random Seed.
Feb  2 15:22:02 cu-cs-vm systemd[1]: proc-sys-fs-binfmt_misc.automount: Got automount request for /proc/sys/fs/binfmt_misc, triggered by 426 (update-binfmts)
Feb  2 15:22:02 cu-cs-vm systemd[1]: Mounting Arbitrary Executable File Formats File System...
Feb  2 15:22:02 cu-cs-vm systemd[1]: Started Tell Plymouth To Write Out Runtime Data.
Feb  2 15:22:02 cu-cs-vm kernel: [    0.000000] Linux version 4.15.18riakernel (root@cu-cs-vm) (gcc version 5.4.0 20160609 (Ubuntu 5.4.0-6ubuntu1~16.04.10)) #1 SMP Sat Feb 1 22:09:37 MST 2020 (Ubuntu 4.15.0-33.36~16.04.1-generic 4.15.18)
Feb  2 15:22:02 cu-cs-vm kernel: [    0.000000] Command line: BOOT_IMAGE=/boot/vmlinuz-4.15.18riakernel root=UUID=a7adc8c1-e02a-478b-93ad-c06e060e0176 ro
Feb  2 15:22:02 cu-cs-vm kernel: [    0.000000] KERNEL supported cpus:
Feb  2 15:22:02 cu-cs-vm kernel: [    0.000000]   Intel GenuineIntel
Feb  2 15:22:02 cu-cs-vm kernel: [    0.000000]   AMD AuthenticAMD
Feb  2 15:22:02 cu-cs-vm kernel: [    0.000000]   Centaur CentaurHauls
Feb  2 15:22:02 cu-cs-vm kernel: [    0.000000] Disabled fast string operations
Feb  2 15:22:02 cu-cs-vm kernel: [    0.000000] x86/fpu: Supporting XSAVE feature 0x001: 'x87 floating point registers'
Feb  2 15:22:02 cu-cs-vm kernel: [    0.000000] x86/fpu: Supporting XSAVE feature 0x002: 'SSE registers'
Feb  2 15:22:02 cu-cs-vm kernel: [    0.000000] x86/fpu: Supporting XSAVE feature 0x004: 'AVX registers'
Feb  2 15:22:02 cu-cs-vm kernel: [    0.000000] x86/fpu: xstate_offset[2]:  576, xstate_sizes[2]:  256
Feb  2 15:22:02 cu-cs-vm kernel: [    0.000000] x86/fpu: Enabled xstate features 0x7, context size is 832 bytes, using 'standard' format.
Feb  2 15:22:02 cu-cs-vm kernel: [    0.000000] e820: BIOS-provided physical RAM map:
Feb  2 15:22:02 cu-cs-vm kernel: [    0.000000] BIOS-e820: [mem 0x0000000000000000-0x000000000009e7ff] usable
Feb  2 15:22:02 cu-cs-vm kernel: [    0.000000] BIOS-e820: [mem 0x000000000009e800-0x000000000009ffff] reserved
Feb  2 15:22:02 cu-cs-vm kernel: [    0.000000] BIOS-e820: [mem 0x00000000000dc000-0x00000000000fffff] reserved
Feb  2 15:22:02 cu-cs-vm kernel: [    0.000000] BIOS-e820: [mem 0x0000000000100000-0x00000000bfecffff] usable
Feb  2 15:22:02 cu-cs-vm kernel: [    0.000000] BIOS-e820: [mem 0x00000000bfed0000-0x00000000bfefefff] ACPI data
Feb  2 15:22:02 cu-cs-vm kernel: [    0.000000] BIOS-e820: [mem 0x00000000bfeff000-0x00000000bfefffff] ACPI NVS
Feb  2 15:22:02 cu-cs-vm kernel: [    0.000000] BIOS-e820: [mem 0x00000000bff00000-0x00000000bfffffff] usable
Feb  2 15:22:02 cu-cs-vm kernel: [    0.000000] BIOS-e820: [mem 0x00000000f0000000-0x00000000f7ffffff] reserved
Feb  2 15:22:02 cu-cs-vm kernel: [    0.000000] BIOS-e820: [mem 0x00000000fec00000-0x00000000fec0ffff] reserved
Feb  2 15:22:02 cu-cs-vm kernel: [    0.000000] BIOS-e820: [mem 0x00000000fee00000-0x00000000fee00fff] reserved
Feb  2 15:22:02 cu-cs-vm kernel: [    0.000000] BIOS-e820: [mem 0x00000000fffe0000-0x00000000ffffffff] reserved
Feb  2 15:22:02 cu-cs-vm kernel: [    0.000000] BIOS-e820: [mem 0x0000000100000000-0x000000023fffffff] usable
Feb  2 15:22:02 cu-cs-vm kernel: [    0.000000] NX (Execute Disable) protection: active
Feb  2 15:22:02 cu-cs-vm kernel: [    0.000000] SMBIOS 2.7 present.
Feb  2 15:22:02 cu-cs-vm kernel: [    0.000000] DMI: VMware, Inc. VMware Virtual Platform/440BX Desktop Reference Platform, BIOS 6.00 04/13/2018
Feb  2 15:22:02 cu-cs-vm kernel: [    0.000000] Hypervisor detected: VMware
Feb  2 15:22:02 cu-cs-vm kernel: [    0.000000] vmware: TSC freq read from hypervisor : 2111.998 MHz
Feb  2 15:22:02 cu-cs-vm kernel: [    0.000000] vmware: Host bus clock speed read from hypervisor : 66000000 Hz
Feb  2 15:22:02 cu-cs-vm kernel: [    0.000000] vmware: using sched offset of 25599399127 ns
Feb  2 15:22:02 cu-cs-vm kernel: [    0.000000] e820: update [mem 0x00000000-0x00000fff] usable ==> reserved
Feb  2 15:22:02 cu-cs-vm kernel: [    0.000000] e820: remove [mem 0x000a0000-0x000fffff] usable
Feb  2 15:22:02 cu-cs-vm kernel: [    0.000000] e820: last_pfn = 0x240000 max_arch_pfn = 0x400000000
Feb  2 15:22:02 cu-cs-vm kernel: [    0.000000] MTRR default type: uncachable
Feb  2 15:22:02 cu-cs-vm kernel: [    0.000000] MTRR fixed ranges enabled:
Feb  2 15:22:02 cu-cs-vm kernel: [    0.000000]   00000-9FFFF write-back
Feb  2 15:22:02 cu-cs-vm kernel: [    0.000000]   A0000-BFFFF uncachable
Feb  2 15:22:02 cu-cs-vm kernel: [    0.000000]   C0000-C7FFF write-protect
Feb  2 15:22:02 cu-cs-vm kernel: [    0.000000]   C8000-CBFFF write-back
Feb  2 15:22:02 cu-cs-vm kernel: [    0.000000]   CC000-EFFFF uncachable
Feb  2 15:22:02 cu-cs-vm kernel: [    0.000000]   F0000-FFFFF write-protect
Feb  2 15:22:02 cu-cs-vm kernel: [    0.000000] MTRR variable ranges enabled:
Feb  2 15:22:02 cu-cs-vm rsyslogd-2039: Could not open output pipe '/dev/xconsole':: No such file or directory [v8.16.0 try http://www.rsyslog.com/e/2039 ]
Feb  2 15:22:02 cu-cs-vm kernel: [    0.000000]   0 base 00000000000 mask 3C000000000 write-back
Feb  2 15:22:02 cu-cs-vm systemd[1]: Mounted VMware vmblock fuse mount.
Feb  2 15:22:02 cu-cs-vm systemd[1]: Started Service for virtual machines hosted on VMware.
Feb  2 15:22:02 cu-cs-vm systemd[1]: Started Flush Journal to Persistent Storage.
Feb  2 15:22:02 cu-cs-vm rsyslogd-2007: action 'action 10' suspended, next retry is Sun Feb  2 15:22:32 2020 [v8.16.0 try http://www.rsyslog.com/e/2007 ]
Feb  2 15:22:02 cu-cs-vm systemd[1]: Starting Create Volatile Files and Directories...
Feb  2 15:22:02 cu-cs-vm systemd-tmpfiles[507]: [/usr/lib/tmpfiles.d/var.conf:14] Duplicate line for path "/var/log", ignoring.
Feb  2 15:22:02 cu-cs-vm systemd[1]: Mounted Arbitrary Executable File Formats File System.
Feb  2 15:22:02 cu-cs-vm kernel: [    0.000000]   1 base 000C0000000 mask 3FFC0000000 uncachable
Feb  2 15:22:02 cu-cs-vm kernel: [    0.000000]   2 disabled
Feb  2 15:22:02 cu-cs-vm kernel: [    0.000000]   3 disabled
Feb  2 15:22:02 cu-cs-vm kernel: [    0.000000]   4 disabled
Feb  2 15:22:02 cu-cs-vm kernel: [    0.000000]   5 disabled
Feb  2 15:22:02 cu-cs-vm systemd[1]: Started Create Volatile Files and Directories.
Feb  2 15:22:02 cu-cs-vm kernel: [    0.000000]   6 disabled
Feb  2 15:22:02 cu-cs-vm kernel: [    0.000000]   7 disabled
Feb  2 15:22:02 cu-cs-vm kernel: [    0.000000] x86/PAT: Configuration [0-7]: WB  WC  UC- UC  WB  WP  UC- WT  
Feb  2 15:22:02 cu-cs-vm systemd[1]: Starting Network Time Synchronization...
Feb  2 15:22:02 cu-cs-vm kernel: [    0.000000] total RAM covered: 261120M
Feb  2 15:22:02 cu-cs-vm kernel: [    0.000000]  gran_size: 64K 	chunk_size: 64K 	num_reg: 8  	lose cover RAM: 0G
Feb  2 15:22:02 cu-cs-vm kernel: [    0.000000]  gran_size: 64K 	chunk_size: 128K 	num_reg: 8  	lose cover RAM: 0G
Feb  2 15:22:02 cu-cs-vm kernel: [    0.000000]  gran_size: 64K 	chunk_size: 256K 	num_reg: 8  	lose cover RAM: 0G
Feb  2 15:22:02 cu-cs-vm systemd[1]: Starting Update UTMP about System Boot/Shutdown...
Feb  2 15:22:02 cu-cs-vm kernel: [    0.000000]  gran_size: 64K 	chunk_size: 512K 	num_reg: 8  	lose cover RAM: 0G
Feb  2 15:22:02 cu-cs-vm kernel: [    0.000000]  gran_size: 64K 	chunk_size: 1M 	num_reg: 8  	lose cover RAM: 0G
Feb  2 15:22:02 cu-cs-vm kernel: [    0.000000]  gran_size: 64K 	chunk_size: 2M 	num_reg: 8  	lose cover RAM: 0G
Feb  2 15:22:02 cu-cs-vm systemd[1]: Started Enable support for additional executable binary formats.
Feb  2 15:22:02 cu-cs-vm kernel: [    0.000000]  gran_size: 64K 	chunk_size: 4M 	num_reg: 8  	lose cover RAM: 0G
Feb  2 15:22:02 cu-cs-vm kernel: [    0.000000]  gran_size: 64K 	chunk_size: 8M 	num_reg: 8  	lose cover RAM: 0G
Feb  2 15:22:02 cu-cs-vm systemd[1]: Started udev Coldplug all Devices.
Feb  2 15:22:02 cu-cs-vm kernel: [    0.000000]  gran_size: 64K 	chunk_size: 16M 	num_reg: 8  	lose cover RAM: 0G
Feb  2 15:22:02 cu-cs-vm kernel: [    0.000000]  gran_size: 64K 	chunk_size: 32M 	num_reg: 8  	lose cover RAM: 0G
Feb  2 15:22:02 cu-cs-vm kernel: [    0.000000]  gran_size: 64K 	chunk_size: 64M 	num_reg: 8  	lose cover RAM: 0G
Feb  2 15:22:02 cu-cs-vm kernel: [    0.000000]  gran_size: 64K 	chunk_size: 128M 	num_reg: 8  	lose cover RAM: 0G
Feb  2 15:22:02 cu-cs-vm kernel: [    0.000000]  gran_size: 64K 	chunk_size: 256M 	num_reg: 8  	lose cover RAM: 0G
Feb  2 15:22:02 cu-cs-vm kernel: [    0.000000]  gran_size: 64K 	chunk_size: 512M 	num_reg: 8  	lose cover RAM: 0G
Feb  2 15:22:02 cu-cs-vm kernel: [    0.000000]  gran_size: 64K 	chunk_size: 1G 	num_reg: 8  	lose cover RAM: 0G
Feb  2 15:22:02 cu-cs-vm systemd[1]: Started Network Time Synchronization.
Feb  2 15:22:02 cu-cs-vm kernel: [    0.000000]  gran_size: 64K 	chunk_size: 2G 	num_reg: 8  	lose cover RAM: 0G
Feb  2 15:22:02 cu-cs-vm kernel: [    0.000000]  gran_size: 128K 	chunk_size: 128K 	num_reg: 8  	lose cover RAM: 0G
Feb  2 15:22:02 cu-cs-vm kernel: [    0.000000]  gran_size: 128K 	chunk_size: 256K 	num_reg: 8  	lose cover RAM: 0G
Feb  2 15:22:02 cu-cs-vm kernel: [    0.000000]  gran_size: 128K 	chunk_size: 512K 	num_reg: 8  	lose cover RAM: 0G
Feb  2 15:22:02 cu-cs-vm kernel: [    0.000000]  gran_size: 128K 	chunk_size: 1M 	num_reg: 8  	lose cover RAM: 0G
Feb  2 15:22:02 cu-cs-vm systemd[1]: Reached target System Time Synchronized.
Feb  2 15:22:02 cu-cs-vm kernel: [    0.000000]  gran_size: 128K 	chunk_size: 2M 	num_reg: 8  	lose cover RAM: 0G
Feb  2 15:22:02 cu-cs-vm kernel: [    0.000000]  gran_size: 128K 	chunk_size: 4M 	num_reg: 8  	lose cover RAM: 0G
Feb  2 15:22:02 cu-cs-vm kernel: [    0.000000]  gran_size: 128K 	chunk_size: 8M 	num_reg: 8  	lose cover RAM: 0G
Feb  2 15:22:02 cu-cs-vm kernel: [    0.000000]  gran_size: 128K 	chunk_size: 16M 	num_reg: 8  	lose cover RAM: 0G
Feb  2 15:22:02 cu-cs-vm kernel: [    0.000000]  gran_size: 128K 	chunk_size: 32M 	num_reg: 8  	lose cover RAM: 0G
Feb  2 15:22:02 cu-cs-vm kernel: [    0.000000]  gran_size: 128K 	chunk_size: 64M 	num_reg: 8  	lose cover RAM: 0G
Feb  2 15:22:02 cu-cs-vm systemd[1]: Started Dispatch Password Requests to Console Directory Watch.
Feb  2 15:22:02 cu-cs-vm kernel: [    0.000000]  gran_size: 128K 	chunk_size: 128M 	num_reg: 8  	lose cover RAM: 0G
Feb  2 15:22:02 cu-cs-vm kernel: [    0.000000]  gran_size: 128K 	chunk_size: 256M 	num_reg: 8  	lose cover RAM: 0G
Feb  2 15:22:02 cu-cs-vm kernel: [    0.000000]  gran_size: 128K 	chunk_size: 512M 	num_reg: 8  	lose cover RAM: 0G
Feb  2 15:22:02 cu-cs-vm kernel: [    0.000000]  gran_size: 128K 	chunk_size: 1G 	num_reg: 8  	lose cover RAM: 0G
Feb  2 15:22:02 cu-cs-vm kernel: [    0.000000]  gran_size: 128K 	chunk_size: 2G 	num_reg: 8  	lose cover RAM: 0G
Feb  2 15:22:02 cu-cs-vm kernel: [    0.000000]  gran_size: 256K 	chunk_size: 256K 	num_reg: 8  	lose cover RAM: 0G
Feb  2 15:22:02 cu-cs-vm apparmor[428]:  * Starting AppArmor profiles
Feb  2 15:22:02 cu-cs-vm kernel: [    0.000000]  gran_size: 256K 	chunk_size: 512K 	num_reg: 8  	lose cover RAM: 0G
Feb  2 15:22:02 cu-cs-vm kernel: [    0.000000]  gran_size: 256K 	chunk_size: 1M 	num_reg: 8  	lose cover RAM: 0G
Feb  2 15:22:02 cu-cs-vm systemd[1]: Started Update UTMP about System Boot/Shutdown.
Feb  2 15:22:02 cu-cs-vm kernel: [    0.000000]  gran_size: 256K 	chunk_size: 2M 	num_reg: 8  	lose cover RAM: 0G
Feb  2 15:22:02 cu-cs-vm kernel: [    0.000000]  gran_size: 256K 	chunk_size: 4M 	num_reg: 8  	lose cover RAM: 0G
Feb  2 15:22:02 cu-cs-vm kernel: [    0.000000]  gran_size: 256K 	chunk_size: 8M 	num_reg: 8  	lose cover RAM: 0G
Feb  2 15:22:02 cu-cs-vm kernel: [    0.000000]  gran_size: 256K 	chunk_size: 16M 	num_reg: 8  	lose cover RAM: 0G
Feb  2 15:22:02 cu-cs-vm systemd[1]: Started Set console font and keymap.
Feb  2 15:22:02 cu-cs-vm kernel: [    0.000000]  gran_size: 256K 	chunk_size: 32M 	num_reg: 8  	lose cover RAM: 0G
Feb  2 15:22:02 cu-cs-vm kernel: [    0.000000]  gran_size: 256K 	chunk_size: 64M 	num_reg: 8  	lose cover RAM: 0G
Feb  2 15:22:02 cu-cs-vm kernel: [    0.000000]  gran_size: 256K 	chunk_size: 128M 	num_reg: 8  	lose cover RAM: 0G
Feb  2 15:22:02 cu-cs-vm systemd[1]: Created slice system-getty.slice.
Feb  2 15:22:02 cu-cs-vm kernel: [    0.000000]  gran_size: 256K 	chunk_size: 256M 	num_reg: 8  	lose cover RAM: 0G
Feb  2 15:22:02 cu-cs-vm kernel: [    0.000000]  gran_size: 256K 	chunk_size: 512M 	num_reg: 8  	lose cover RAM: 0G
Feb  2 15:22:02 cu-cs-vm apparmor[428]: Skipping profile in /etc/apparmor.d/disable: usr.bin.firefox
Feb  2 15:22:02 cu-cs-vm kernel: [    0.000000]  gran_size: 256K 	chunk_size: 1G 	num_reg: 8  	lose cover RAM: 0G
Feb  2 15:22:02 cu-cs-vm kernel: [    0.000000]  gran_size: 256K 	chunk_size: 2G 	num_reg: 8  	lose cover RAM: 0G
Feb  2 15:22:02 cu-cs-vm kernel: [    0.000000]  gran_size: 512K 	chunk_size: 512K 	num_reg: 8  	lose cover RAM: 0G
Feb  2 15:22:02 cu-cs-vm kernel: [    0.000000]  gran_size: 512K 	chunk_size: 1M 	num_reg: 8  	lose cover RAM: 0G
Feb  2 15:22:02 cu-cs-vm apparmor[428]: Skipping profile in /etc/apparmor.d/disable: usr.sbin.rsyslogd
Feb  2 15:22:02 cu-cs-vm kernel: [    0.000000]  gran_size: 512K 	chunk_size: 2M 	num_reg: 8  	lose cover RAM: 0G
Feb  2 15:22:02 cu-cs-vm kernel: [    0.000000]  gran_size: 512K 	chunk_size: 4M 	num_reg: 8  	lose cover RAM: 0G
Feb  2 15:22:02 cu-cs-vm kernel: [    0.000000]  gran_size: 512K 	chunk_size: 8M 	num_reg: 8  	lose cover RAM: 0G
Feb  2 15:22:02 cu-cs-vm apparmor[428]:    ...done.
Feb  2 15:22:02 cu-cs-vm kernel: [    0.000000]  gran_size: 512K 	chunk_size: 16M 	num_reg: 8  	lose cover RAM: 0G
Feb  2 15:22:02 cu-cs-vm kernel: [    0.000000]  gran_size: 512K 	chunk_size: 32M 	num_reg: 8  	lose cover RAM: 0G
Feb  2 15:22:02 cu-cs-vm kernel: [    0.000000]  gran_size: 512K 	chunk_size: 64M 	num_reg: 8  	lose cover RAM: 0G
Feb  2 15:22:02 cu-cs-vm systemd[1]: Started LSB: AppArmor initialization.
Feb  2 15:22:02 cu-cs-vm systemd[1]: Starting Raise network interfaces...
Feb  2 15:22:02 cu-cs-vm mtp-probe: checking bus 2, device 2: "/sys/devices/pci0000:00/0000:00:11.0/0000:02:00.0/usb2/2-1"
Feb  2 15:22:02 cu-cs-vm mtp-probe: bus: 2, device: 2 was not an MTP device
Feb  2 15:22:02 cu-cs-vm systemd[1]: Listening on Load/Save RF Kill Switch Status /dev/rfkill Watch.
Feb  2 15:22:02 cu-cs-vm systemd[1]: Started Raise network interfaces.
Feb  2 15:22:02 cu-cs-vm systemd[1]: Found device VMware_Virtual_S 5.
Feb  2 15:22:02 cu-cs-vm systemd[1]: Activating swap /dev/disk/by-uuid/4f6f25d8-6004-459b-b46c-f0f3c3d0de9b...
Feb  2 15:22:02 cu-cs-vm systemd[1]: Activated swap /dev/disk/by-uuid/4f6f25d8-6004-459b-b46c-f0f3c3d0de9b.
Feb  2 15:22:02 cu-cs-vm systemd[1]: Reached target Swap.
Feb  2 15:22:02 cu-cs-vm systemd[1]: Reached target System Initialization.
Feb  2 15:22:02 cu-cs-vm systemd[1]: Listening on ACPID Listen Socket.
Feb  2 15:22:02 cu-cs-vm systemd[1]: Started Daily apt download activities.
Feb  2 15:22:02 cu-cs-vm systemd[1]: Listening on UUID daemon activation socket.
Feb  2 15:22:02 cu-cs-vm systemd[1]: Listening on D-Bus System Message Bus Socket.
Feb  2 15:22:02 cu-cs-vm systemd[1]: Started ACPI Events Check.
Feb  2 15:22:02 cu-cs-vm systemd[1]: Listening on Avahi mDNS/DNS-SD Stack Activation Socket.
Feb  2 15:22:02 cu-cs-vm systemd[1]: Started CUPS Scheduler.
Feb  2 15:22:02 cu-cs-vm systemd[1]: Reached target Paths.
Feb  2 15:22:02 cu-cs-vm kernel: [    0.000000]  gran_size: 512K 	chunk_size: 128M 	num_reg: 8  	lose cover RAM: 0G
Feb  2 15:22:02 cu-cs-vm kernel: [    0.000000]  gran_size: 512K 	chunk_size: 256M 	num_reg: 8  	lose cover RAM: 0G
Feb  2 15:22:02 cu-cs-vm systemd[1]: Starting Socket activation for snappy daemon.
Feb  2 15:22:02 cu-cs-vm systemd[1]: Listening on CUPS Scheduler.
Feb  2 15:22:02 cu-cs-vm kernel: [    0.000000]  gran_size: 512K 	chunk_size: 512M 	num_reg: 8  	lose cover RAM: 0G
Feb  2 15:22:02 cu-cs-vm kernel: [    0.000000]  gran_size: 512K 	chunk_size: 1G 	num_reg: 8  	lose cover RAM: 0G
Feb  2 15:22:02 cu-cs-vm kernel: [    0.000000]  gran_size: 512K 	chunk_size: 2G 	num_reg: 8  	lose cover RAM: 0G
Feb  2 15:22:02 cu-cs-vm systemd[1]: Started Daily apt upgrade and clean activities.
Feb  2 15:22:02 cu-cs-vm kernel: [    0.000000]  gran_size: 1M 	chunk_size: 1M 	num_reg: 8  	lose cover RAM: 0G
Feb  2 15:22:02 cu-cs-vm kernel: [    0.000000]  gran_size: 1M 	chunk_size: 2M 	num_reg: 8  	lose cover RAM: 0G
Feb  2 15:22:02 cu-cs-vm systemd[1]: Started Daily Cleanup of Temporary Directories.
Feb  2 15:22:02 cu-cs-vm kernel: [    0.000000]  gran_size: 1M 	chunk_size: 4M 	num_reg: 8  	lose cover RAM: 0G
Feb  2 15:22:02 cu-cs-vm systemd[1]: Reached target Timers.
Feb  2 15:22:02 cu-cs-vm kernel: [    0.000000]  gran_size: 1M 	chunk_size: 8M 	num_reg: 8  	lose cover RAM: 0G
Feb  2 15:22:02 cu-cs-vm kernel: [    0.000000]  gran_size: 1M 	chunk_size: 16M 	num_reg: 8  	lose cover RAM: 0G
Feb  2 15:22:02 cu-cs-vm kernel: [    0.000000]  gran_size: 1M 	chunk_size: 32M 	num_reg: 8  	lose cover RAM: 0G
Feb  2 15:22:02 cu-cs-vm kernel: [    0.000000]  gran_size: 1M 	chunk_size: 64M 	num_reg: 8  	lose cover RAM: 0G
Feb  2 15:22:02 cu-cs-vm kernel: [    0.000000]  gran_size: 1M 	chunk_size: 128M 	num_reg: 8  	lose cover RAM: 0G
Feb  2 15:22:02 cu-cs-vm systemd[1]: Listening on Socket activation for snappy daemon.
Feb  2 15:22:02 cu-cs-vm kernel: [    0.000000]  gran_size: 1M 	chunk_size: 256M 	num_reg: 8  	lose cover RAM: 0G
Feb  2 15:22:02 cu-cs-vm systemd[1]: Reached target Sockets.
Feb  2 15:22:02 cu-cs-vm kernel: [    0.000000]  gran_size: 1M 	chunk_size: 512M 	num_reg: 8  	lose cover RAM: 0G
Feb  2 15:22:02 cu-cs-vm systemd[1]: Reached target Basic System.
Feb  2 15:22:02 cu-cs-vm kernel: [    0.000000]  gran_size: 1M 	chunk_size: 1G 	num_reg: 8  	lose cover RAM: 0G
Feb  2 15:22:02 cu-cs-vm kernel: [    0.000000]  gran_size: 1M 	chunk_size: 2G 	num_reg: 8  	lose cover RAM: 0G
Feb  2 15:22:02 cu-cs-vm kernel: [    0.000000]  gran_size: 2M 	chunk_size: 2M 	num_reg: 8  	lose cover RAM: 0G
Feb  2 15:22:02 cu-cs-vm kernel: [    0.000000]  gran_size: 2M 	chunk_size: 4M 	num_reg: 8  	lose cover RAM: 0G
Feb  2 15:22:02 cu-cs-vm systemd[1]: Starting Avahi mDNS/DNS-SD Stack...
Feb  2 15:22:02 cu-cs-vm systemd[1]: Starting System Logging Service...
Feb  2 15:22:02 cu-cs-vm kernel: [    0.000000]  gran_size: 2M 	chunk_size: 8M 	num_reg: 8  	lose cover RAM: 0G
Feb  2 15:22:02 cu-cs-vm kernel: [    0.000000]  gran_size: 2M 	chunk_size: 16M 	num_reg: 8  	lose cover RAM: 0G
Feb  2 15:22:02 cu-cs-vm kernel: [    0.000000]  gran_size: 2M 	chunk_size: 32M 	num_reg: 8  	lose cover RAM: 0G
Feb  2 15:22:02 cu-cs-vm kernel: [    0.000000]  gran_size: 2M 	chunk_size: 64M 	num_reg: 8  	lose cover RAM: 0G
Feb  2 15:22:02 cu-cs-vm systemd[1]: Starting LSB: automatic crash report generation...
Feb  2 15:22:02 cu-cs-vm kernel: [    0.000000]  gran_size: 2M 	chunk_size: 128M 	num_reg: 8  	lose cover RAM: 0G
Feb  2 15:22:02 cu-cs-vm kernel: [    0.000000]  gran_size: 2M 	chunk_size: 256M 	num_reg: 8  	lose cover RAM: 0G
Feb  2 15:22:02 cu-cs-vm avahi-daemon[827]: Found user 'avahi' (UID 111) and group 'avahi' (GID 120).
Feb  2 15:22:02 cu-cs-vm kernel: [    0.000000]  gran_size: 2M 	chunk_size: 512M 	num_reg: 8  	lose cover RAM: 0G
Feb  2 15:22:02 cu-cs-vm avahi-daemon[827]: Successfully dropped root privileges.
Feb  2 15:22:02 cu-cs-vm kernel: [    0.000000]  gran_size: 2M 	chunk_size: 1G 	num_reg: 8  	lose cover RAM: 0G
Feb  2 15:22:02 cu-cs-vm kernel: [    0.000000]  gran_size: 2M 	chunk_size: 2G 	num_reg: 8  	lose cover RAM: 0G
Feb  2 15:22:02 cu-cs-vm kernel: [    0.000000]  gran_size: 4M 	chunk_size: 4M 	num_reg: 8  	lose cover RAM: 0G
Feb  2 15:22:02 cu-cs-vm avahi-daemon[827]: avahi-daemon 0.6.32-rc starting up.
Feb  2 15:22:02 cu-cs-vm kernel: [    0.000000]  gran_size: 4M 	chunk_size: 8M 	num_reg: 8  	lose cover RAM: 0G
Feb  2 15:22:02 cu-cs-vm kernel: [    0.000000]  gran_size: 4M 	chunk_size: 16M 	num_reg: 8  	lose cover RAM: 0G
Feb  2 15:22:02 cu-cs-vm systemd[1]: Started ACPI event daemon.
Feb  2 15:22:02 cu-cs-vm kernel: [    0.000000]  gran_size: 4M 	chunk_size: 32M 	num_reg: 8  	lose cover RAM: 0G
Feb  2 15:22:02 cu-cs-vm kernel: [    0.000000]  gran_size: 4M 	chunk_size: 64M 	num_reg: 8  	lose cover RAM: 0G
Feb  2 15:22:02 cu-cs-vm systemd[1]: Started CUPS Scheduler.
Feb  2 15:22:02 cu-cs-vm kernel: [    0.000000]  gran_size: 4M 	chunk_size: 128M 	num_reg: 8  	lose cover RAM: 0G
Feb  2 15:22:02 cu-cs-vm kernel: [    0.000000]  gran_size: 4M 	chunk_size: 256M 	num_reg: 8  	lose cover RAM: 0G
Feb  2 15:22:02 cu-cs-vm kernel: [    0.000000]  gran_size: 4M 	chunk_size: 512M 	num_reg: 8  	lose cover RAM: 0G
Feb  2 15:22:02 cu-cs-vm kernel: [    0.000000]  gran_size: 4M 	chunk_size: 1G 	num_reg: 8  	lose cover RAM: 0G
Feb  2 15:22:02 cu-cs-vm systemd[1]: Starting Initialize hardware monitoring sensors...
Feb  2 15:22:02 cu-cs-vm kernel: [    0.000000]  gran_size: 4M 	chunk_size: 2G 	num_reg: 8  	lose cover RAM: 0G
Feb  2 15:22:02 cu-cs-vm kernel: [    0.000000]  gran_size: 8M 	chunk_size: 8M 	num_reg: 8  	lose cover RAM: 0G
Feb  2 15:22:02 cu-cs-vm kernel: [    0.000000]  gran_size: 8M 	chunk_size: 16M 	num_reg: 8  	lose cover RAM: 0G
Feb  2 15:22:02 cu-cs-vm systemd[1]: Starting Accounts Service...
Feb  2 15:22:02 cu-cs-vm kernel: [    0.000000]  gran_size: 8M 	chunk_size: 32M 	num_reg: 8  	lose cover RAM: 0G
Feb  2 15:22:02 cu-cs-vm kernel: [    0.000000]  gran_size: 8M 	chunk_size: 64M 	num_reg: 8  	lose cover RAM: 0G
Feb  2 15:22:02 cu-cs-vm kernel: [    0.000000]  gran_size: 8M 	chunk_size: 128M 	num_reg: 8  	lose cover RAM: 0G
Feb  2 15:22:02 cu-cs-vm systemd[1]: Starting Permit User Sessions...
Feb  2 15:22:02 cu-cs-vm kernel: [    0.000000]  gran_size: 8M 	chunk_size: 256M 	num_reg: 8  	lose cover RAM: 0G
Feb  2 15:22:02 cu-cs-vm kernel: [    0.000000]  gran_size: 8M 	chunk_size: 512M 	num_reg: 8  	lose cover RAM: 0G
Feb  2 15:22:02 cu-cs-vm systemd[1]: Starting LSB: Record successful boot for GRUB...
Feb  2 15:22:02 cu-cs-vm kernel: [    0.000000]  gran_size: 8M 	chunk_size: 1G 	num_reg: 8  	lose cover RAM: 0G
Feb  2 15:22:02 cu-cs-vm kernel: [    0.000000]  gran_size: 8M 	chunk_size: 2G 	num_reg: 8  	lose cover RAM: 0G
Feb  2 15:22:02 cu-cs-vm kernel: [    0.000000]  gran_size: 16M 	chunk_size: 16M 	num_reg: 8  	lose cover RAM: 0G
Feb  2 15:22:02 cu-cs-vm kernel: [    0.000000]  gran_size: 16M 	chunk_size: 32M 	num_reg: 8  	lose cover RAM: 0G
Feb  2 15:22:02 cu-cs-vm systemd[1]: Started Run anacron jobs.
Feb  2 15:22:02 cu-cs-vm kernel: [    0.000000]  gran_size: 16M 	chunk_size: 64M 	num_reg: 8  	lose cover RAM: 0G
Feb  2 15:22:02 cu-cs-vm kernel: [    0.000000]  gran_size: 16M 	chunk_size: 128M 	num_reg: 8  	lose cover RAM: 0G
Feb  2 15:22:02 cu-cs-vm systemd[1]: Starting LSB: daemon to balance interrupts for SMP systems...
Feb  2 15:22:02 cu-cs-vm kernel: [    0.000000]  gran_size: 16M 	chunk_size: 256M 	num_reg: 8  	lose cover RAM: 0G
Feb  2 15:22:02 cu-cs-vm kernel: [    0.000000]  gran_size: 16M 	chunk_size: 512M 	num_reg: 8  	lose cover RAM: 0G
Feb  2 15:22:02 cu-cs-vm kernel: [    0.000000]  gran_size: 16M 	chunk_size: 1G 	num_reg: 8  	lose cover RAM: 0G
Feb  2 15:22:02 cu-cs-vm systemd[1]: Started uptime record daemon.
Feb  2 15:22:02 cu-cs-vm kernel: [    0.000000]  gran_size: 16M 	chunk_size: 2G 	num_reg: 8  	lose cover RAM: 0G
Feb  2 15:22:02 cu-cs-vm kernel: [    0.000000]  gran_size: 32M 	chunk_size: 32M 	num_reg: 8  	lose cover RAM: 0G
Feb  2 15:22:02 cu-cs-vm kernel: [    0.000000]  gran_size: 32M 	chunk_size: 64M 	num_reg: 8  	lose cover RAM: 0G
Feb  2 15:22:02 cu-cs-vm kernel: [    0.000000]  gran_size: 32M 	chunk_size: 128M 	num_reg: 8  	lose cover RAM: 0G
Feb  2 15:22:02 cu-cs-vm kernel: [    0.000000]  gran_size: 32M 	chunk_size: 256M 	num_reg: 8  	lose cover RAM: 0G
Feb  2 15:22:02 cu-cs-vm kernel: [    0.000000]  gran_size: 32M 	chunk_size: 512M 	num_reg: 8  	lose cover RAM: 0G
Feb  2 15:22:02 cu-cs-vm systemd[1]: Starting LSB: Speech Dispatcher...
Feb  2 15:22:02 cu-cs-vm kernel: [    0.000000]  gran_size: 32M 	chunk_size: 1G 	num_reg: 8  	lose cover RAM: 0G
Feb  2 15:22:02 cu-cs-vm kernel: [    0.000000]  gran_size: 32M 	chunk_size: 2G 	num_reg: 8  	lose cover RAM: 0G
Feb  2 15:22:02 cu-cs-vm kernel: [    0.000000]  gran_size: 64M 	chunk_size: 64M 	num_reg: 8  	lose cover RAM: 0G
Feb  2 15:22:02 cu-cs-vm systemd[1]: Starting Login Service...
Feb  2 15:22:02 cu-cs-vm kernel: [    0.000000]  gran_size: 64M 	chunk_size: 128M 	num_reg: 8  	lose cover RAM: 0G
Feb  2 15:22:02 cu-cs-vm kernel: [    0.000000]  gran_size: 64M 	chunk_size: 256M 	num_reg: 8  	lose cover RAM: 0G
Feb  2 15:22:02 cu-cs-vm kernel: [    0.000000]  gran_size: 64M 	chunk_size: 512M 	num_reg: 8  	lose cover RAM: 0G
Feb  2 15:22:02 cu-cs-vm systemd[1]: Started Authentication service for virtual machines hosted on VMware.
Feb  2 15:22:02 cu-cs-vm kernel: [    0.000000]  gran_size: 64M 	chunk_size: 1G 	num_reg: 8  	lose cover RAM: 0G
Feb  2 15:22:02 cu-cs-vm kernel: [    0.000000]  gran_size: 64M 	chunk_size: 2G 	num_reg: 8  	lose cover RAM: 0G
Feb  2 15:22:02 cu-cs-vm kernel: [    0.000000]  gran_size: 128M 	chunk_size: 128M 	num_reg: 8  	lose cover RAM: 0G
Feb  2 15:22:02 cu-cs-vm kernel: [    0.000000]  gran_size: 128M 	chunk_size: 256M 	num_reg: 8  	lose cover RAM: 0G
Feb  2 15:22:02 cu-cs-vm systemd[1]: Started D-Bus System Message Bus.
Feb  2 15:22:02 cu-cs-vm kernel: [    0.000000]  gran_size: 128M 	chunk_size: 512M 	num_reg: 8  	lose cover RAM: 0G
Feb  2 15:22:02 cu-cs-vm kernel: [    0.000000]  gran_size: 128M 	chunk_size: 1G 	num_reg: 8  	lose cover RAM: 0G
Feb  2 15:22:02 cu-cs-vm sensors[840]: No sensors found!
Feb  2 15:22:02 cu-cs-vm kernel: [    0.000000]  gran_size: 128M 	chunk_size: 2G 	num_reg: 8  	lose cover RAM: 0G
Feb  2 15:22:02 cu-cs-vm kernel: [    0.000000]  gran_size: 256M 	chunk_size: 256M 	num_reg: 8  	lose cover RAM: 0G
Feb  2 15:22:02 cu-cs-vm kernel: [    0.000000]  gran_size: 256M 	chunk_size: 512M 	num_reg: 8  	lose cover RAM: 0G
Feb  2 15:22:02 cu-cs-vm kernel: [    0.000000]  gran_size: 256M 	chunk_size: 1G 	num_reg: 8  	lose cover RAM: 0G
Feb  2 15:22:02 cu-cs-vm sensors[840]: Make sure you loaded all the kernel drivers you need.
Feb  2 15:22:02 cu-cs-vm kernel: [    0.000000]  gran_size: 256M 	chunk_size: 2G 	num_reg: 8  	lose cover RAM: 0G
Feb  2 15:22:02 cu-cs-vm kernel: [    0.000000]  gran_size: 512M 	chunk_size: 512M 	num_reg: 8  	lose cover RAM: 0G
Feb  2 15:22:02 cu-cs-vm kernel: [    0.000000]  gran_size: 512M 	chunk_size: 1G 	num_reg: 8  	lose cover RAM: 0G
Feb  2 15:22:02 cu-cs-vm kernel: [    0.000000]  gran_size: 512M 	chunk_size: 2G 	num_reg: 8  	lose cover RAM: 0G
Feb  2 15:22:02 cu-cs-vm kernel: [    0.000000]  gran_size: 1G 	chunk_size: 1G 	num_reg: 8  	lose cover RAM: 0G
Feb  2 15:22:02 cu-cs-vm sensors[840]: Try sensors-detect to find out which these are.
Feb  2 15:22:02 cu-cs-vm kernel: [    0.000000]  gran_size: 1G 	chunk_size: 2G 	num_reg: 8  	lose cover RAM: 0G
Feb  2 15:22:02 cu-cs-vm kernel: [    0.000000]  gran_size: 2G 	chunk_size: 2G 	num_reg: 7  	lose cover RAM: 1G
Feb  2 15:22:02 cu-cs-vm anacron[845]: Anacron 2.3 started on 2020-02-02
Feb  2 15:22:02 cu-cs-vm anacron[845]: Normal exit (0 jobs run)
Feb  2 15:22:02 cu-cs-vm kernel: [    0.000000] mtrr_cleanup: can not find optimal value
Feb  2 15:22:02 cu-cs-vm kernel: [    0.000000] please specify mtrr_gran_size/mtrr_chunk_size
Feb  2 15:22:02 cu-cs-vm kernel: [    0.000000] e820: update [mem 0xc0000000-0xffffffff] usable ==> reserved
Feb  2 15:22:02 cu-cs-vm VGAuthService[858]: ** Message: Pref_Init: Using '/etc/vmware-tools/vgauth.conf' as preferences filepath
Feb  2 15:22:02 cu-cs-vm kernel: [    0.000000] e820: last_pfn = 0xc0000 max_arch_pfn = 0x400000000
Feb  2 15:22:02 cu-cs-vm kernel: [    0.000000] found SMP MP-table at [mem 0x000f6a80-0x000f6a8f]
Feb  2 15:22:02 cu-cs-vm kernel: [    0.000000] Scanning 1 areas for low memory corruption
Feb  2 15:22:02 cu-cs-vm VGAuthService[858]: ** Message: Core dump limit set to -1
Feb  2 15:22:02 cu-cs-vm kernel: [    0.000000] Using GB pages for direct mapping
Feb  2 15:22:02 cu-cs-vm kernel: [    0.000000] BRK [0x1b9b8f000, 0x1b9b8ffff] PGTABLE
Feb  2 15:22:02 cu-cs-vm kernel: [    0.000000] BRK [0x1b9b90000, 0x1b9b90fff] PGTABLE
Feb  2 15:22:02 cu-cs-vm kernel: [    0.000000] BRK [0x1b9b91000, 0x1b9b91fff] PGTABLE
Feb  2 15:22:02 cu-cs-vm VGAuthService[858]: ** Message: Cannot load message catalog for domain 'VGAuthService', language 'C', catalog dir '.'.
Feb  2 15:22:02 cu-cs-vm kernel: [    0.000000] BRK [0x1b9b92000, 0x1b9b92fff] PGTABLE
Feb  2 15:22:02 cu-cs-vm kernel: [    0.000000] BRK [0x1b9b93000, 0x1b9b93fff] PGTABLE
Feb  2 15:22:02 cu-cs-vm VGAuthService[858]: ** Message: INIT SERVICE
Feb  2 15:22:02 cu-cs-vm kernel: [    0.000000] BRK [0x1b9b94000, 0x1b9b94fff] PGTABLE
Feb  2 15:22:02 cu-cs-vm kernel: [    0.000000] RAMDISK: [mem 0x03b8a000-0x1ddbcfff]
Feb  2 15:22:02 cu-cs-vm VGAuthService[858]: ** Message: Using '/var/lib/vmware/VGAuth/aliasStore' for alias store root directory
Feb  2 15:22:02 cu-cs-vm kernel: [    0.000000] ACPI: Early table checksum verification disabled
Feb  2 15:22:02 cu-cs-vm kernel: [    0.000000] ACPI: RSDP 0x00000000000F6A10 000024 (v02 PTLTD )
Feb  2 15:22:02 cu-cs-vm kernel: [    0.000000] ACPI: XSDT 0x00000000BFEDB677 000054 (v01 INTEL  440BX    06040000 VMW  01324272)
Feb  2 15:22:02 cu-cs-vm kernel: [    0.000000] ACPI: FACP 0x00000000BFEFEE73 0000F4 (v04 INTEL  440BX    06040000 PTL  000F4240)
Feb  2 15:22:02 cu-cs-vm kernel: [    0.000000] ACPI: DSDT 0x00000000BFEDD5F1 021882 (v01 PTLTD  Custom   06040000 MSFT 03000001)
Feb  2 15:22:02 cu-cs-vm kernel: [    0.000000] ACPI: FACS 0x00000000BFEFFFC0 000040
Feb  2 15:22:02 cu-cs-vm kernel: [    0.000000] ACPI: FACS 0x00000000BFEFFFC0 000040
Feb  2 15:22:02 cu-cs-vm kernel: [    0.000000] ACPI: BOOT 0x00000000BFEDD5C9 000028 (v01 PTLTD  $SBFTBL$ 06040000  LTP 00000001)
Feb  2 15:22:02 cu-cs-vm kernel: [    0.000000] ACPI: APIC 0x00000000BFEDC8BD 000742 (v01 PTLTD  ? APIC   06040000  LTP 00000000)
Feb  2 15:22:02 cu-cs-vm kernel: [    0.000000] ACPI: MCFG 0x00000000BFEDC881 00003C (v01 PTLTD  $PCITBL$ 06040000  LTP 00000001)
Feb  2 15:22:02 cu-cs-vm kernel: [    0.000000] ACPI: SRAT 0x00000000BFEDB72F 0008D0 (v02 VMWARE MEMPLUG  06040000 VMW  00000001)
Feb  2 15:22:02 cu-cs-vm kernel: [    0.000000] ACPI: WAET 0x00000000BFEDB707 000028 (v01 VMWARE VMW WAET 06040000 VMW  00000001)
Feb  2 15:22:02 cu-cs-vm kernel: [    0.000000] ACPI: Local APIC address 0xfee00000
Feb  2 15:22:02 cu-cs-vm kernel: [    0.000000] system APIC only can use physical flat
Feb  2 15:22:02 cu-cs-vm kernel: [    0.000000] Setting APIC routing to physical flat.
Feb  2 15:22:02 cu-cs-vm kernel: [    0.000000] SRAT: PXM 0 -> APIC 0x00 -> Node 0
Feb  2 15:22:02 cu-cs-vm kernel: [    0.000000] SRAT: PXM 0 -> APIC 0x02 -> Node 0
Feb  2 15:22:02 cu-cs-vm kernel: [    0.000000] SRAT: PXM 0 -> APIC 0x04 -> Node 0
Feb  2 15:22:02 cu-cs-vm kernel: [    0.000000] SRAT: PXM 0 -> APIC 0x06 -> Node 0
Feb  2 15:22:02 cu-cs-vm kernel: [    0.000000] SRAT: PXM 0 -> APIC 0x08 -> Node 0
Feb  2 15:22:02 cu-cs-vm kernel: [    0.000000] SRAT: PXM 0 -> APIC 0x0a -> Node 0
Feb  2 15:22:02 cu-cs-vm kernel: [    0.000000] SRAT: PXM 0 -> APIC 0x0c -> Node 0
Feb  2 15:22:02 cu-cs-vm kernel: [    0.000000] SRAT: PXM 0 -> APIC 0x0e -> Node 0
Feb  2 15:22:02 cu-cs-vm kernel: [    0.000000] SRAT: PXM 0 -> APIC 0x10 -> Node 0
Feb  2 15:22:02 cu-cs-vm kernel: [    0.000000] SRAT: PXM 0 -> APIC 0x12 -> Node 0
Feb  2 15:22:02 cu-cs-vm kernel: [    0.000000] SRAT: PXM 0 -> APIC 0x14 -> Node 0
Feb  2 15:22:02 cu-cs-vm kernel: [    0.000000] SRAT: PXM 0 -> APIC 0x16 -> Node 0
Feb  2 15:22:02 cu-cs-vm kernel: [    0.000000] SRAT: PXM 0 -> APIC 0x18 -> Node 0
Feb  2 15:22:02 cu-cs-vm kernel: [    0.000000] SRAT: PXM 0 -> APIC 0x1a -> Node 0
Feb  2 15:22:02 cu-cs-vm kernel: [    0.000000] SRAT: PXM 0 -> APIC 0x1c -> Node 0
Feb  2 15:22:02 cu-cs-vm kernel: [    0.000000] SRAT: PXM 0 -> APIC 0x1e -> Node 0
Feb  2 15:22:02 cu-cs-vm kernel: [    0.000000] SRAT: PXM 0 -> APIC 0x20 -> Node 0
Feb  2 15:22:02 cu-cs-vm kernel: [    0.000000] SRAT: PXM 0 -> APIC 0x22 -> Node 0
Feb  2 15:22:02 cu-cs-vm kernel: [    0.000000] SRAT: PXM 0 -> APIC 0x24 -> Node 0
Feb  2 15:22:02 cu-cs-vm kernel: [    0.000000] SRAT: PXM 0 -> APIC 0x26 -> Node 0
Feb  2 15:22:02 cu-cs-vm kernel: [    0.000000] SRAT: PXM 0 -> APIC 0x28 -> Node 0
Feb  2 15:22:02 cu-cs-vm kernel: [    0.000000] SRAT: PXM 0 -> APIC 0x2a -> Node 0
Feb  2 15:22:02 cu-cs-vm kernel: [    0.000000] SRAT: PXM 0 -> APIC 0x2c -> Node 0
Feb  2 15:22:02 cu-cs-vm kernel: [    0.000000] SRAT: PXM 0 -> APIC 0x2e -> Node 0
Feb  2 15:22:02 cu-cs-vm kernel: [    0.000000] SRAT: PXM 0 -> APIC 0x30 -> Node 0
Feb  2 15:22:02 cu-cs-vm kernel: [    0.000000] SRAT: PXM 0 -> APIC 0x32 -> Node 0
Feb  2 15:22:02 cu-cs-vm kernel: [    0.000000] SRAT: PXM 0 -> APIC 0x34 -> Node 0
Feb  2 15:22:02 cu-cs-vm kernel: [    0.000000] SRAT: PXM 0 -> APIC 0x36 -> Node 0
Feb  2 15:22:02 cu-cs-vm kernel: [    0.000000] SRAT: PXM 0 -> APIC 0x38 -> Node 0
Feb  2 15:22:02 cu-cs-vm kernel: [    0.000000] SRAT: PXM 0 -> APIC 0x3a -> Node 0
Feb  2 15:22:02 cu-cs-vm kernel: [    0.000000] SRAT: PXM 0 -> APIC 0x3c -> Node 0
Feb  2 15:22:02 cu-cs-vm kernel: [    0.000000] SRAT: PXM 0 -> APIC 0x3e -> Node 0
Feb  2 15:22:02 cu-cs-vm kernel: [    0.000000] SRAT: PXM 0 -> APIC 0x40 -> Node 0
Feb  2 15:22:02 cu-cs-vm kernel: [    0.000000] SRAT: PXM 0 -> APIC 0x42 -> Node 0
Feb  2 15:22:02 cu-cs-vm kernel: [    0.000000] SRAT: PXM 0 -> APIC 0x44 -> Node 0
Feb  2 15:22:02 cu-cs-vm kernel: [    0.000000] SRAT: PXM 0 -> APIC 0x46 -> Node 0
Feb  2 15:22:02 cu-cs-vm kernel: [    0.000000] SRAT: PXM 0 -> APIC 0x48 -> Node 0
Feb  2 15:22:02 cu-cs-vm kernel: [    0.000000] SRAT: PXM 0 -> APIC 0x4a -> Node 0
Feb  2 15:22:02 cu-cs-vm kernel: [    0.000000] SRAT: PXM 0 -> APIC 0x4c -> Node 0
Feb  2 15:22:02 cu-cs-vm kernel: [    0.000000] SRAT: PXM 0 -> APIC 0x4e -> Node 0
Feb  2 15:22:02 cu-cs-vm kernel: [    0.000000] SRAT: PXM 0 -> APIC 0x50 -> Node 0
Feb  2 15:22:02 cu-cs-vm kernel: [    0.000000] SRAT: PXM 0 -> APIC 0x52 -> Node 0
Feb  2 15:22:02 cu-cs-vm kernel: [    0.000000] SRAT: PXM 0 -> APIC 0x54 -> Node 0
Feb  2 15:22:02 cu-cs-vm kernel: [    0.000000] SRAT: PXM 0 -> APIC 0x56 -> Node 0
Feb  2 15:22:02 cu-cs-vm kernel: [    0.000000] SRAT: PXM 0 -> APIC 0x58 -> Node 0
Feb  2 15:22:02 cu-cs-vm kernel: [    0.000000] SRAT: PXM 0 -> APIC 0x5a -> Node 0
Feb  2 15:22:02 cu-cs-vm kernel: [    0.000000] SRAT: PXM 0 -> APIC 0x5c -> Node 0
Feb  2 15:22:02 cu-cs-vm kernel: [    0.000000] SRAT: PXM 0 -> APIC 0x5e -> Node 0
Feb  2 15:22:02 cu-cs-vm kernel: [    0.000000] SRAT: PXM 0 -> APIC 0x60 -> Node 0
Feb  2 15:22:02 cu-cs-vm kernel: [    0.000000] SRAT: PXM 0 -> APIC 0x62 -> Node 0
Feb  2 15:22:02 cu-cs-vm kernel: [    0.000000] SRAT: PXM 0 -> APIC 0x64 -> Node 0
Feb  2 15:22:02 cu-cs-vm kernel: [    0.000000] SRAT: PXM 0 -> APIC 0x66 -> Node 0
Feb  2 15:22:02 cu-cs-vm kernel: [    0.000000] SRAT: PXM 0 -> APIC 0x68 -> Node 0
Feb  2 15:22:02 cu-cs-vm kernel: [    0.000000] SRAT: PXM 0 -> APIC 0x6a -> Node 0
Feb  2 15:22:02 cu-cs-vm kernel: [    0.000000] SRAT: PXM 0 -> APIC 0x6c -> Node 0
Feb  2 15:22:02 cu-cs-vm kernel: [    0.000000] SRAT: PXM 0 -> APIC 0x6e -> Node 0
Feb  2 15:22:02 cu-cs-vm kernel: [    0.000000] SRAT: PXM 0 -> APIC 0x70 -> Node 0
Feb  2 15:22:02 cu-cs-vm kernel: [    0.000000] SRAT: PXM 0 -> APIC 0x72 -> Node 0
Feb  2 15:22:02 cu-cs-vm kernel: [    0.000000] SRAT: PXM 0 -> APIC 0x74 -> Node 0
Feb  2 15:22:02 cu-cs-vm kernel: [    0.000000] SRAT: PXM 0 -> APIC 0x76 -> Node 0
Feb  2 15:22:02 cu-cs-vm kernel: [    0.000000] SRAT: PXM 0 -> APIC 0x78 -> Node 0
Feb  2 15:22:02 cu-cs-vm kernel: [    0.000000] SRAT: PXM 0 -> APIC 0x7a -> Node 0
Feb  2 15:22:02 cu-cs-vm kernel: [    0.000000] SRAT: PXM 0 -> APIC 0x7c -> Node 0
Feb  2 15:22:02 cu-cs-vm kernel: [    0.000000] SRAT: PXM 0 -> APIC 0x7e -> Node 0
Feb  2 15:22:02 cu-cs-vm kernel: [    0.000000] SRAT: PXM 0 -> APIC 0x80 -> Node 0
Feb  2 15:22:02 cu-cs-vm kernel: [    0.000000] SRAT: PXM 0 -> APIC 0x82 -> Node 0
Feb  2 15:22:02 cu-cs-vm kernel: [    0.000000] SRAT: PXM 0 -> APIC 0x84 -> Node 0
Feb  2 15:22:02 cu-cs-vm kernel: [    0.000000] SRAT: PXM 0 -> APIC 0x86 -> Node 0
Feb  2 15:22:02 cu-cs-vm kernel: [    0.000000] SRAT: PXM 0 -> APIC 0x88 -> Node 0
Feb  2 15:22:02 cu-cs-vm kernel: [    0.000000] SRAT: PXM 0 -> APIC 0x8a -> Node 0
